
Optional file libmchp_peripheral.a not found

Optional file libmchp_peripheral_32MX270F256B.a not found
Archive member included to satisfy reference by file (symbol)

c:/program files/microchip/xc32/v4.60/bin/bin/../../lib/gcc/pic32mx/8.3.1/../../../../pic32mx/lib\libpic32.a(default-on-reset.o)
                              C:\Users\aryll\AppData\Local\Temp\ccKXWNGz.o (_on_reset)
c:/program files/microchip/xc32/v4.60/bin/bin/../../lib/gcc/pic32mx/8.3.1/../../../../pic32mx/lib\libpic32.a(default-on-bootstrap.o)
                              C:\Users\aryll\AppData\Local\Temp\ccKXWNGz.o (_on_bootstrap)
c:/program files/microchip/xc32/v4.60/bin/bin/../../lib/gcc/pic32mx/8.3.1/../../../../pic32mx/lib\libpic32.a(default-nmi-handler.o)
                              C:\Users\aryll\AppData\Local\Temp\ccKXWNGz.o (_nmi_handler)
c:/program files/microchip/xc32/v4.60/bin/bin/../../lib/gcc/pic32mx/8.3.1/../../../../pic32mx/lib\libpic32.a(pic32_data_init_core.o)
                              C:\Users\aryll\AppData\Local\Temp\ccKXWNGz.o (__pic32_data_init)
c:/program files/microchip/xc32/v4.60/bin/bin/../../lib/gcc/pic32mx/8.3.1/../../../../pic32mx/lib\libpic32.a(general-exception.o)
                              C:\Users\aryll\AppData\Local\Temp\ccKXWNGz.o (_general_exception_context)
c:/program files/microchip/xc32/v4.60/bin/bin/../../lib/gcc/pic32mx/8.3.1/../../../../pic32mx/lib\libpic32.a(vector0.o)
                              C:\Users\aryll\AppData\Local\Temp\cci6AvUz.o (__vector_dispatch_0)
c:/program files/microchip/xc32/v4.60/bin/bin/../../lib/gcc/pic32mx/8.3.1/../../../../pic32mx/lib\libpic32.a(vector2.o)
                              C:\Users\aryll\AppData\Local\Temp\cci6AvUz.o (__vector_dispatch_2)
c:/program files/microchip/xc32/v4.60/bin/bin/../../lib/gcc/pic32mx/8.3.1/../../../../pic32mx/lib\libpic32.a(vector3.o)
                              C:\Users\aryll\AppData\Local\Temp\cci6AvUz.o (__vector_dispatch_3)
c:/program files/microchip/xc32/v4.60/bin/bin/../../lib/gcc/pic32mx/8.3.1/../../../../pic32mx/lib\libpic32.a(vector5.o)
                              C:\Users\aryll\AppData\Local\Temp\cci6AvUz.o (__vector_dispatch_5)
c:/program files/microchip/xc32/v4.60/bin/bin/../../lib/gcc/pic32mx/8.3.1/../../../../pic32mx/lib\libpic32.a(vector6.o)
                              C:\Users\aryll\AppData\Local\Temp\cci6AvUz.o (__vector_dispatch_6)
c:/program files/microchip/xc32/v4.60/bin/bin/../../lib/gcc/pic32mx/8.3.1/../../../../pic32mx/lib\libpic32.a(vector7.o)
                              C:\Users\aryll\AppData\Local\Temp\cci6AvUz.o (__vector_dispatch_7)
c:/program files/microchip/xc32/v4.60/bin/bin/../../lib/gcc/pic32mx/8.3.1/../../../../pic32mx/lib\libpic32.a(vector8.o)
                              C:\Users\aryll\AppData\Local\Temp\cci6AvUz.o (__vector_dispatch_8)
c:/program files/microchip/xc32/v4.60/bin/bin/../../lib/gcc/pic32mx/8.3.1/../../../../pic32mx/lib\libpic32.a(vector9.o)
                              C:\Users\aryll\AppData\Local\Temp\cci6AvUz.o (__vector_dispatch_9)
c:/program files/microchip/xc32/v4.60/bin/bin/../../lib/gcc/pic32mx/8.3.1/../../../../pic32mx/lib\libpic32.a(vector10.o)
                              C:\Users\aryll\AppData\Local\Temp\cci6AvUz.o (__vector_dispatch_10)
c:/program files/microchip/xc32/v4.60/bin/bin/../../lib/gcc/pic32mx/8.3.1/../../../../pic32mx/lib\libpic32.a(vector11.o)
                              C:\Users\aryll\AppData\Local\Temp\cci6AvUz.o (__vector_dispatch_11)
c:/program files/microchip/xc32/v4.60/bin/bin/../../lib/gcc/pic32mx/8.3.1/../../../../pic32mx/lib\libpic32.a(vector12.o)
                              C:\Users\aryll\AppData\Local\Temp\cci6AvUz.o (__vector_dispatch_12)
c:/program files/microchip/xc32/v4.60/bin/bin/../../lib/gcc/pic32mx/8.3.1/../../../../pic32mx/lib\libpic32.a(vector13.o)
                              C:\Users\aryll\AppData\Local\Temp\cci6AvUz.o (__vector_dispatch_13)
c:/program files/microchip/xc32/v4.60/bin/bin/../../lib/gcc/pic32mx/8.3.1/../../../../pic32mx/lib\libpic32.a(vector14.o)
                              C:\Users\aryll\AppData\Local\Temp\cci6AvUz.o (__vector_dispatch_14)
c:/program files/microchip/xc32/v4.60/bin/bin/../../lib/gcc/pic32mx/8.3.1/../../../../pic32mx/lib\libpic32.a(vector15.o)
                              C:\Users\aryll\AppData\Local\Temp\cci6AvUz.o (__vector_dispatch_15)
c:/program files/microchip/xc32/v4.60/bin/bin/../../lib/gcc/pic32mx/8.3.1/../../../../pic32mx/lib\libpic32.a(vector16.o)
                              C:\Users\aryll\AppData\Local\Temp\cci6AvUz.o (__vector_dispatch_16)
c:/program files/microchip/xc32/v4.60/bin/bin/../../lib/gcc/pic32mx/8.3.1/../../../../pic32mx/lib\libpic32.a(vector17.o)
                              C:\Users\aryll\AppData\Local\Temp\cci6AvUz.o (__vector_dispatch_17)
c:/program files/microchip/xc32/v4.60/bin/bin/../../lib/gcc/pic32mx/8.3.1/../../../../pic32mx/lib\libpic32.a(vector18.o)
                              C:\Users\aryll\AppData\Local\Temp\cci6AvUz.o (__vector_dispatch_18)
[...]
Memory Configuration

Name             Origin             Length             Attributes
kseg0_program_mem 0x000000009d000000 0x000000000003f000 xr
exception_mem    0x000000009d03f000 0x0000000000001000
debug_exec_mem   0x000000009fc00490 0x0000000000000760
kseg0_boot_mem   0x000000009fc00490 0x0000000000000000
kseg1_boot_mem   0x00000000bfc00000 0x0000000000000490
config3          0x00000000bfc00bf0 0x0000000000000004
config2          0x00000000bfc00bf4 0x0000000000000004
config1          0x00000000bfc00bf8 0x0000000000000004
config0          0x00000000bfc00bfc 0x0000000000000004
kseg1_data_mem   0x00000000a0000000 0x0000000000010000 w !x
sfrs             0x00000000bf800000 0x0000000000100000
configsfrs       0x00000000bfc00bf0 0x0000000000000010
*default*        0x0000000000000000 0xffffffffffffffff

Linker script and memory map

LOAD c:/program files/microchip/xc32/v4.60/bin/bin/../../lib/gcc/pic32mx/8.3.1/../../../../pic32mx/lib\debug-exception-return.o
LOAD build/default/production/_ext/2128569739/drv_usbfs.o
LOAD build/default/production/_ext/2128569739/drv_usbfs_device.o
LOAD build/default/production/_ext/1529399856/osal_freertos.o
LOAD build/default/production/_ext/60165520/plib_clk.o
LOAD build/default/production/_ext/1865200349/plib_evic.o
LOAD build/default/production/_ext/1865254177/plib_gpio.o
LOAD build/default/production/_ext/163028504/xc32_monitor.o
LOAD build/default/production/_ext/1881668453/sys_int.o
LOAD build/default/production/_ext/308758920/usb_device.o
LOAD build/default/production/_ext/308758920/usb_device_hid.o
LOAD build/default/production/_ext/1171490990/usb_device_init_data.o
LOAD build/default/production/_ext/1171490990/freertos_hooks.o
LOAD build/default/production/_ext/1171490990/initialization.o
LOAD build/default/production/_ext/1171490990/interrupts_a.o
LOAD build/default/production/_ext/1171490990/interrupts.o
LOAD build/default/production/_ext/1171490990/tasks.o
LOAD build/default/production/_ext/1171490990/exceptions.o
LOAD build/default/production/_ext/1665200909/heap_1.o
LOAD build/default/production/_ext/951553248/port.o
LOAD build/default/production/_ext/951553248/port_asm.o
LOAD build/default/production/_ext/404212886/queue.o
LOAD build/default/production/_ext/404212886/list.o
LOAD build/default/production/_ext/404212886/FreeRTOS_tasks.o
LOAD build/default/production/_ext/404212886/timers.o
LOAD build/default/production/_ext/404212886/event_groups.o
LOAD build/default/production/_ext/404212886/croutine.o
LOAD build/default/production/_ext/404212886/stream_buffer.o
LOAD build/default/production/_ext/1360937237/app.o
LOAD build/default/production/_ext/1360937237/main.o
LOAD build/default/production/_ext/1360937237/mouse.o
                0x0000000000000001                __MPLAB_BUILD = 0x1
                0x0000000000000400                PROVIDE (_min_stack_size = 0x400)
START GROUP
LOAD libmchp_peripheral.a
END GROUP
START GROUP
LOAD libmchp_peripheral_32MX270F256B.a
END GROUP
                0x0000000000000001                PROVIDE (_vector_spacing = 0x1)
                0x000000009d03f000                PROVIDE (_ebase_address = 0x9d03f000)
                0x00000000bfc00000                _RESET_ADDR = 0xbfc00000
                0x00000000bfc00380                _BEV_EXCPT_ADDR = 0xbfc00380
                0x00000000bfc00480                _DBG_EXCPT_ADDR = 0xbfc00480
                0x000000009fc00490                _DBG_CODE_ADDR = 0x9fc00490
                0x0000000000000760                _DBG_CODE_SIZE = 0x760
                0x000000009d03f180                _GEN_EXCPT_ADDR = (_ebase_address + 0x180)

.config_BFC00BF0
 *(.config_BFC00BF0)

.config_BFC00BF4
 *(.config_BFC00BF4)

.config_BFC00BF8
 *(.config_BFC00BF8)

.config_BFC00BFC
 *(.config_BFC00BFC)

.reset          0x00000000bfc00000      0x14c
 *(.reset)
 .reset         0x00000000bfc00000        0x8 C:\Users\aryll\AppData\Local\Temp\ccKXWNGz.o
                0x00000000bfc00000                _reset
 *(.reset.startup)
 .reset.startup
                0x00000000bfc00008      0x144 C:\Users\aryll\AppData\Local\Temp\ccKXWNGz.o
                0x00000000bfc00008                _startup

.bev_excpt      0x00000000bfc00380       0x10
 *(.bev_handler)
 .bev_handler   0x00000000bfc00380       0x10 C:\Users\aryll\AppData\Local\Temp\ccKXWNGz.o

.dbg_excpt      0x00000000bfc00480        0x0
                0x00000000bfc00480                . = (. + DEFINED (_DEBUGGER)?0x8:0x0)

.dbg_code       0x000000009fc00490        0x0
                0x000000009fc00490                . = (. + DEFINED (_DEBUGGER)?_DBG_CODE_SIZE:0x0)

.app_excpt      0x000000009d03f180       0x10
 *(.gen_handler)
 .gen_handler   0x000000009d03f180       0x10 C:\Users\aryll\AppData\Local\Temp\ccKXWNGz.o

.vector_0       0x000000009d03f200        0x8
 *(.vector_0)
 .vector_0      0x000000009d03f200        0x8 c:/program files/microchip/xc32/v4.60/bin/bin/../../lib/gcc/pic32mx/8.3.1/../../../../pic32mx/lib\libpic32.a(vector0.o)
                0x000000009d03f200                __vector_dispatch_0
                0x0000000000000001                ASSERT (((_vector_spacing == 0x0) || (SIZEOF (.vector_0) <= (_vector_spacing << 0x5))), function at exception vector 0 too large)

.vector_1       0x000000009d03f220        0x8
 *(.vector_1)
 .vector_1      0x000000009d03f220        0x8 build/default/production/_ext/951553248/port.o
                0x000000009d03f220                __vector_dispatch_1
                0x0000000000000001                ASSERT (((_vector_spacing == 0x0) || (SIZEOF (.vector_1) <= (_vector_spacing << 0x5))), function at exception vector 1 too large)

.vector_2       0x000000009d03f240        0x8
 *(.vector_2)
 .vector_2      0x000000009d03f240        0x8 c:/program files/microchip/xc32/v4.60/bin/bin/../../lib/gcc/pic32mx/8.3.1/../../../../pic32mx/lib\libpic32.a(vector2.o)
                0x000000009d03f240                __vector_dispatch_2
                0x0000000000000001                ASSERT (((_vector_spacing == 0x0) || (SIZEOF (.vector_2) <= (_vector_spacing << 0x5))), function at exception vector 2 too large)

.vector_3       0x000000009d03f260        0x8
 *(.vector_3)
 .vector_3      0x000000009d03f260        0x8 c:/program files/microchip/xc32/v4.60/bin/bin/../../lib/gcc/pic32mx/8.3.1/../../../../pic32mx/lib\libpic32.a(vector3.o)
                0x000000009d03f260                __vector_dispatch_3
                0x0000000000000001                ASSERT (((_vector_spacing == 0x0) || (SIZEOF (.vector_3) <= (_vector_spacing << 0x5))), function at exception vector 3 too large)

.vector_4       0x000000009d03f280        0x8
 *(.vector_4)
 .vector_4      0x000000009d03f280        0x8 build/default/production/_ext/951553248/port.o
                0x000000009d03f280                __vector_dispatch_4
                0x0000000000000001                ASSERT (((_vector_spacing == 0x0) || (SIZEOF (.vector_4) <= (_vector_spacing << 0x5))), function at exception vector 4 too large)

.vector_5       0x000000009d03f2a0        0x8
 *(.vector_5)
 .vector_5      0x000000009d03f2a0        0x8 c:/program files/microchip/xc32/v4.60/bin/bin/../../lib/gcc/pic32mx/8.3.1/../../../../pic32mx/lib\libpic32.a(vector5.o)
                0x000000009d03f2a0                __vector_dispatch_5
                0x0000000000000001                ASSERT (((_vector_spacing == 0x0) || (SIZEOF (.vector_5) <= (_vector_spacing << 0x5))), function at exception vector 5 too large)

.vector_6       0x000000009d03f2c0        0x8
 *(.vector_6)
 .vector_6      0x000000009d03f2c0        0x8 c:/program files/microchip/xc32/v4.60/bin/bin/../../lib/gcc/pic32mx/8.3.1/../../../../pic32mx/lib\libpic32.a(vector6.o)
                0x000000009d03f2c0                __vector_dispatch_6
                0x0000000000000001                ASSERT (((_vector_spacing == 0x0) || (SIZEOF (.vector_6) <= (_vector_spacing << 0x5))), function at exception vector 6 too large)

.vector_7       0x000000009d03f2e0        0x8
 *(.vector_7)
 .vector_7      0x000000009d03f2e0        0x8 c:/program files/microchip/xc32/v4.60/bin/bin/../../lib/gcc/pic32mx/8.3.1/../../../../pic32mx/lib\libpic32.a(vector7.o)
                0x000000009d03f2e0                __vector_dispatch_7
                0x0000000000000001                ASSERT (((_vector_spacing == 0x0) || (SIZEOF (.vector_7) <= (_vector_spacing << 0x5))), function at exception vector 7 too large)

.vector_8       0x000000009d03f300        0x8
 *(.vector_8)
 .vector_8      0x000000009d03f300        0x8 c:/program files/microchip/xc32/v4.60/bin/bin/../../lib/gcc/pic32mx/8.3.1/../../../../pic32mx/lib\libpic32.a(vector8.o)
                0x000000009d03f300                __vector_dispatch_8
                0x0000000000000001                ASSERT (((_vector_spacing == 0x0) || (SIZEOF (.vector_8) <= (_vector_spacing << 0x5))), function at exception vector 8 too large)

.vector_9       0x000000009d03f320        0x8
 *(.vector_9)
 .vector_9      0x000000009d03f320        0x8 c:/program files/microchip/xc32/v4.60/bin/bin/../../lib/gcc/pic32mx/8.3.1/../../../../pic32mx/lib\libpic32.a(vector9.o)
                0x000000009d03f320                __vector_dispatch_9
                0x0000000000000001                ASSERT (((_vector_spacing == 0x0) || (SIZEOF (.vector_9) <= (_vector_spacing << 0x5))), function at exception vector 9 too large)

.vector_10      0x000000009d03f340        0x8
 *(.vector_10)
 .vector_10     0x000000009d03f340        0x8 c:/program files/microchip/xc32/v4.60/bin/bin/../../lib/gcc/pic32mx/8.3.1/../../../../pic32mx/lib\libpic32.a(vector10.o)
                0x000000009d03f340                __vector_dispatch_10
                0x0000000000000001                ASSERT (((_vector_spacing == 0x0) || (SIZEOF (.vector_10) <= (_vector_spacing << 0x5))), function at exception vector 10 too large)

.vector_11      0x000000009d03f360        0x8
 *(.vector_11)
 .vector_11     0x000000009d03f360        0x8 c:/program files/microchip/xc32/v4.60/bin/bin/../../lib/gcc/pic32mx/8.3.1/../../../../pic32mx/lib\libpic32.a(vector11.o)
                0x000000009d03f360                __vector_dispatch_11
                0x0000000000000001                ASSERT (((_vector_spacing == 0x0) || (SIZEOF (.vector_11) <= (_vector_spacing << 0x5))), function at exception vector 11 too large)

.vector_12      0x000000009d03f380        0x8
 *(.vector_12)
 .vector_12     0x000000009d03f380        0x8 c:/program files/microchip/xc32/v4.60/bin/bin/../../lib/gcc/pic32mx/8.3.1/../../../../pic32mx/lib\libpic32.a(vector12.o)
                0x000000009d03f380                __vector_dispatch_12
                0x0000000000000001                ASSERT (((_vector_spacing == 0x0) || (SIZEOF (.vector_12) <= (_vector_spacing << 0x5))), function at exception vector 12 too large)

.vector_13      0x000000009d03f3a0        0x8
 *(.vector_13)
 .vector_13     0x000000009d03f3a0        0x8 c:/program files/microchip/xc32/v4.60/bin/bin/../../lib/gcc/pic32mx/8.3.1/../../../../pic32mx/lib\libpic32.a(vector13.o)
                0x000000009d03f3a0                __vector_dispatch_13
                0x0000000000000001                ASSERT (((_vector_spacing == 0x0) || (SIZEOF (.vector_13) <= (_vector_spacing << 0x5))), function at exception vector 13 too large)

.vector_14      0x000000009d03f3c0        0x8
 *(.vector_14)
 .vector_14     0x000000009d03f3c0        0x8 c:/program files/microchip/xc32/v4.60/bin/bin/../../lib/gcc/pic32mx/8.3.1/../../../../pic32mx/lib\libpic32.a(vector14.o)
                0x000000009d03f3c0                __vector_dispatch_14
                0x0000000000000001                ASSERT (((_vector_spacing == 0x0) || (SIZEOF (.vector_14) <= (_vector_spacing << 0x5))), function at exception vector 14 too large)

.vector_15      0x000000009d03f3e0        0x8
 *(.vector_15)
 .vector_15     0x000000009d03f3e0        0x8 c:/program files/microchip/xc32/v4.60/bin/bin/../../lib/gcc/pic32mx/8.3.1/../../../../pic32mx/lib\libpic32.a(vector15.o)
                0x000000009d03f3e0                __vector_dispatch_15
                0x0000000000000001                ASSERT (((_vector_spacing == 0x0) || (SIZEOF (.vector_15) <= (_vector_spacing << 0x5))), function at exception vector 15 too large)

.vector_16      0x000000009d03f400        0x8
 *(.vector_16)
 .vector_16     0x000000009d03f400        0x8 c:/program files/microchip/xc32/v4.60/bin/bin/../../lib/gcc/pic32mx/8.3.1/../../../../pic32mx/lib\libpic32.a(vector16.o)
                0x000000009d03f400                __vector_dispatch_16
                0x0000000000000001                ASSERT (((_vector_spacing == 0x0) || (SIZEOF (.vector_16) <= (_vector_spacing << 0x5))), function at exception vector 16 too large)

.vector_17      0x000000009d03f420        0x8
 *(.vector_17)
 .vector_17     0x000000009d03f420        0x8 c:/program files/microchip/xc32/v4.60/bin/bin/../../lib/gcc/pic32mx/8.3.1/../../../../pic32mx/lib\libpic32.a(vector17.o)
                0x000000009d03f420                __vector_dispatch_17
                0x0000000000000001                ASSERT (((_vector_spacing == 0x0) || (SIZEOF (.vector_17) <= (_vector_spacing << 0x5))), function at exception vector 17 too large)

.vector_18      0x000000009d03f440        0x8
 *(.vector_18)
 .vector_18     0x000000009d03f440        0x8 c:/program files/microchip/xc32/v4.60/bin/bin/../../lib/gcc/pic32mx/8.3.1/../../../../pic32mx/lib\libpic32.a(vector18.o)
                0x000000009d03f440                __vector_dispatch_18
                0x0000000000000001                ASSERT (((_vector_spacing == 0x0) || (SIZEOF (.vector_18) <= (_vector_spacing << 0x5))), function at exception vector 18 too large)

.vector_19      0x000000009d03f460        0x8
 *(.vector_19)
 .vector_19     0x000000009d03f460        0x8 c:/program files/microchip/xc32/v4.60/bin/bin/../../lib/gcc/pic32mx/8.3.1/../../../../pic32mx/lib\libpic32.a(vector19.o)
                0x000000009d03f460                __vector_dispatch_19
                0x0000000000000001                ASSERT (((_vector_spacing == 0x0) || (SIZEOF (.vector_19) <= (_vector_spacing << 0x5))), function at exception vector 19 too large)

.vector_20      0x000000009d03f480        0x8
 *(.vector_20)
 .vector_20     0x000000009d03f480        0x8 c:/program files/microchip/xc32/v4.60/bin/bin/../../lib/gcc/pic32mx/8.3.1/../../../../pic32mx/lib\libpic32.a(vector20.o)
                0x000000009d03f480                __vector_dispatch_20
                0x0000000000000001                ASSERT (((_vector_spacing == 0x0) || (SIZEOF (.vector_20) <= (_vector_spacing << 0x5))), function at exception vector 20 too large)

.vector_21      0x000000009d03f4a0        0x8
 *(.vector_21)
 .vector_21     0x000000009d03f4a0        0x8 c:/program files/microchip/xc32/v4.60/bin/bin/../../lib/gcc/pic32mx/8.3.1/../../../../pic32mx/lib\libpic32.a(vector21.o)
                0x000000009d03f4a0                __vector_dispatch_21
                0x0000000000000001                ASSERT (((_vector_spacing == 0x0) || (SIZEOF (.vector_21) <= (_vector_spacing << 0x5))), function at exception vector 21 too large)

.vector_22      0x000000009d03f4c0        0x8
 *(.vector_22)
 .vector_22     0x000000009d03f4c0        0x8 c:/program files/microchip/xc32/v4.60/bin/bin/../../lib/gcc/pic32mx/8.3.1/../../../../pic32mx/lib\libpic32.a(vector22.o)
                0x000000009d03f4c0                __vector_dispatch_22
                0x0000000000000001                ASSERT (((_vector_spacing == 0x0) || (SIZEOF (.vector_22) <= (_vector_spacing << 0x5))), function at exception vector 22 too large)

.vector_23      0x000000009d03f4e0        0x8
 *(.vector_23)
 .vector_23     0x000000009d03f4e0        0x8 c:/program files/microchip/xc32/v4.60/bin/bin/../../lib/gcc/pic32mx/8.3.1/../../../../pic32mx/lib\libpic32.a(vector23.o)
                0x000000009d03f4e0                __vector_dispatch_23
                0x0000000000000001                ASSERT (((_vector_spacing == 0x0) || (SIZEOF (.vector_23) <= (_vector_spacing << 0x5))), function at exception vector 23 too large)

.vector_24      0x000000009d03f500        0x8
 *(.vector_24)
 .vector_24     0x000000009d03f500        0x8 c:/program files/microchip/xc32/v4.60/bin/bin/../../lib/gcc/pic32mx/8.3.1/../../../../pic32mx/lib\libpic32.a(vector24.o)
                0x000000009d03f500                __vector_dispatch_24
                0x0000000000000001                ASSERT (((_vector_spacing == 0x0) || (SIZEOF (.vector_24) <= (_vector_spacing << 0x5))), function at exception vector 24 too large)

.vector_25      0x000000009d03f520        0x8
 *(.vector_25)
 .vector_25     0x000000009d03f520        0x8 c:/program files/microchip/xc32/v4.60/bin/bin/../../lib/gcc/pic32mx/8.3.1/../../../../pic32mx/lib\libpic32.a(vector25.o)
                0x000000009d03f520                __vector_dispatch_25
                0x0000000000000001                ASSERT (((_vector_spacing == 0x0) || (SIZEOF (.vector_25) <= (_vector_spacing << 0x5))), function at exception vector 25 too large)

.vector_26      0x000000009d03f540        0x8
 *(.vector_26)
 .vector_26     0x000000009d03f540        0x8 c:/program files/microchip/xc32/v4.60/bin/bin/../../lib/gcc/pic32mx/8.3.1/../../../../pic32mx/lib\libpic32.a(vector26.o)
                0x000000009d03f540                __vector_dispatch_26
                0x0000000000000001                ASSERT (((_vector_spacing == 0x0) || (SIZEOF (.vector_26) <= (_vector_spacing << 0x5))), function at exception vector 26 too large)

.vector_27      0x000000009d03f560        0x8
 *(.vector_27)
 .vector_27     0x000000009d03f560        0x8 c:/program files/microchip/xc32/v4.60/bin/bin/../../lib/gcc/pic32mx/8.3.1/../../../../pic32mx/lib\libpic32.a(vector27.o)
                0x000000009d03f560                __vector_dispatch_27
                0x0000000000000001                ASSERT (((_vector_spacing == 0x0) || (SIZEOF (.vector_27) <= (_vector_spacing << 0x5))), function at exception vector 27 too large)

.vector_28      0x000000009d03f580        0x8
 *(.vector_28)
 .vector_28     0x000000009d03f580        0x8 c:/program files/microchip/xc32/v4.60/bin/bin/../../lib/gcc/pic32mx/8.3.1/../../../../pic32mx/lib\libpic32.a(vector28.o)
                0x000000009d03f580                __vector_dispatch_28
                0x0000000000000001                ASSERT (((_vector_spacing == 0x0) || (SIZEOF (.vector_28) <= (_vector_spacing << 0x5))), function at exception vector 28 too large)

.vector_29      0x000000009d03f5a0        0x8
 *(.vector_29)
 .vector_29     0x000000009d03f5a0        0x8 c:/program files/microchip/xc32/v4.60/bin/bin/../../lib/gcc/pic32mx/8.3.1/../../../../pic32mx/lib\libpic32.a(vector29.o)
                0x000000009d03f5a0                __vector_dispatch_29
                0x0000000000000001                ASSERT (((_vector_spacing == 0x0) || (SIZEOF (.vector_29) <= (_vector_spacing << 0x5))), function at exception vector 29 too large)

.vector_30      0x000000009d03f5c0       0x10
 *(.vector_30)
 .vector_30     0x000000009d03f5c0       0x10 build/default/production/_ext/1171490990/interrupts_a.o
                0x000000009d03f5c0                __vector_dispatch_30
                0x0000000000000001                ASSERT (((_vector_spacing == 0x0) || (SIZEOF (.vector_30) <= (_vector_spacing << 0x5))), function at exception vector 30 too large)

.vector_31      0x000000009d03f5e0        0x8
 *(.vector_31)
 .vector_31     0x000000009d03f5e0        0x8 c:/program files/microchip/xc32/v4.60/bin/bin/../../lib/gcc/pic32mx/8.3.1/../../../../pic32mx/lib\libpic32.a(vector31.o)
                0x000000009d03f5e0                __vector_dispatch_31
                0x0000000000000001                ASSERT (((_vector_spacing == 0x0) || (SIZEOF (.vector_31) <= (_vector_spacing << 0x5))), function at exception vector 31 too large)

.vector_32      0x000000009d03f600        0x8
 *(.vector_32)
 .vector_32     0x000000009d03f600        0x8 c:/program files/microchip/xc32/v4.60/bin/bin/../../lib/gcc/pic32mx/8.3.1/../../../../pic32mx/lib\libpic32.a(vector32.o)
                0x000000009d03f600                __vector_dispatch_32
                0x0000000000000001                ASSERT (((_vector_spacing == 0x0) || (SIZEOF (.vector_32) <= (_vector_spacing << 0x5))), function at exception vector 32 too large)

.vector_33      0x000000009d03f620        0x8
 *(.vector_33)
 .vector_33     0x000000009d03f620        0x8 c:/program files/microchip/xc32/v4.60/bin/bin/../../lib/gcc/pic32mx/8.3.1/../../../../pic32mx/lib\libpic32.a(vector33.o)
                0x000000009d03f620                __vector_dispatch_33
                0x0000000000000001                ASSERT (((_vector_spacing == 0x0) || (SIZEOF (.vector_33) <= (_vector_spacing << 0x5))), function at exception vector 33 too large)

.vector_34      0x000000009d03f640        0x8
 *(.vector_34)
 .vector_34     0x000000009d03f640        0x8 c:/program files/microchip/xc32/v4.60/bin/bin/../../lib/gcc/pic32mx/8.3.1/../../../../pic32mx/lib\libpic32.a(vector34.o)
                0x000000009d03f640                __vector_dispatch_34
                0x0000000000000001                ASSERT (((_vector_spacing == 0x0) || (SIZEOF (.vector_34) <= (_vector_spacing << 0x5))), function at exception vector 34 too large)

.vector_35      0x000000009d03f660        0x8
 *(.vector_35)
 .vector_35     0x000000009d03f660        0x8 c:/program files/microchip/xc32/v4.60/bin/bin/../../lib/gcc/pic32mx/8.3.1/../../../../pic32mx/lib\libpic32.a(vector35.o)
                0x000000009d03f660                __vector_dispatch_35
                0x0000000000000001                ASSERT (((_vector_spacing == 0x0) || (SIZEOF (.vector_35) <= (_vector_spacing << 0x5))), function at exception vector 35 too large)

.vector_36      0x000000009d03f680        0x8
 *(.vector_36)
 .vector_36     0x000000009d03f680        0x8 c:/program files/microchip/xc32/v4.60/bin/bin/../../lib/gcc/pic32mx/8.3.1/../../../../pic32mx/lib\libpic32.a(vector36.o)
                0x000000009d03f680                __vector_dispatch_36
                0x0000000000000001                ASSERT (((_vector_spacing == 0x0) || (SIZEOF (.vector_36) <= (_vector_spacing << 0x5))), function at exception vector 36 too large)

.vector_37      0x000000009d03f6a0        0x8
 *(.vector_37)
 .vector_37     0x000000009d03f6a0        0x8 c:/program files/microchip/xc32/v4.60/bin/bin/../../lib/gcc/pic32mx/8.3.1/../../../../pic32mx/lib\libpic32.a(vector37.o)
                0x000000009d03f6a0                __vector_dispatch_37
                0x0000000000000001                ASSERT (((_vector_spacing == 0x0) || (SIZEOF (.vector_37) <= (_vector_spacing << 0x5))), function at exception vector 37 too large)

.vector_38      0x000000009d03f6c0        0x8
 *(.vector_38)
 .vector_38     0x000000009d03f6c0        0x8 c:/program files/microchip/xc32/v4.60/bin/bin/../../lib/gcc/pic32mx/8.3.1/../../../../pic32mx/lib\libpic32.a(vector38.o)
                0x000000009d03f6c0                __vector_dispatch_38
                0x0000000000000001                ASSERT (((_vector_spacing == 0x0) || (SIZEOF (.vector_38) <= (_vector_spacing << 0x5))), function at exception vector 38 too large)

.vector_39      0x000000009d03f6e0        0x8
 *(.vector_39)
 .vector_39     0x000000009d03f6e0        0x8 c:/program files/microchip/xc32/v4.60/bin/bin/../../lib/gcc/pic32mx/8.3.1/../../../../pic32mx/lib\libpic32.a(vector39.o)
                0x000000009d03f6e0                __vector_dispatch_39
                0x0000000000000001                ASSERT (((_vector_spacing == 0x0) || (SIZEOF (.vector_39) <= (_vector_spacing << 0x5))), function at exception vector 39 too large)

.vector_40      0x000000009d03f700        0x8
 *(.vector_40)
 .vector_40     0x000000009d03f700        0x8 c:/program files/microchip/xc32/v4.60/bin/bin/../../lib/gcc/pic32mx/8.3.1/../../../../pic32mx/lib\libpic32.a(vector40.o)
                0x000000009d03f700                __vector_dispatch_40
                0x0000000000000001                ASSERT (((_vector_spacing == 0x0) || (SIZEOF (.vector_40) <= (_vector_spacing << 0x5))), function at exception vector 40 too large)

.vector_41      0x000000009d03f720        0x8
 *(.vector_41)
 .vector_41     0x000000009d03f720        0x8 c:/program files/microchip/xc32/v4.60/bin/bin/../../lib/gcc/pic32mx/8.3.1/../../../../pic32mx/lib\libpic32.a(vector41.o)
                0x000000009d03f720                __vector_dispatch_41
                0x0000000000000001                ASSERT (((_vector_spacing == 0x0) || (SIZEOF (.vector_41) <= (_vector_spacing << 0x5))), function at exception vector 41 too large)

.vector_42      0x000000009d03f740        0x8
 *(.vector_42)
 .vector_42     0x000000009d03f740        0x8 c:/program files/microchip/xc32/v4.60/bin/bin/../../lib/gcc/pic32mx/8.3.1/../../../../pic32mx/lib\libpic32.a(vector42.o)
                0x000000009d03f740                __vector_dispatch_42
                0x0000000000000001                ASSERT (((_vector_spacing == 0x0) || (SIZEOF (.vector_42) <= (_vector_spacing << 0x5))), function at exception vector 42 too large)

.vector_43      0x000000009d03f760        0x8
 *(.vector_43)
 .vector_43     0x000000009d03f760        0x8 c:/program files/microchip/xc32/v4.60/bin/bin/../../lib/gcc/pic32mx/8.3.1/../../../../pic32mx/lib\libpic32.a(vector43.o)
                0x000000009d03f760                __vector_dispatch_43
                0x0000000000000001                ASSERT (((_vector_spacing == 0x0) || (SIZEOF (.vector_43) <= (_vector_spacing << 0x5))), function at exception vector 43 too large)

.vector_44      0x000000009d03f780        0x0
 *(.vector_44)
                0x0000000000000001                ASSERT (((_vector_spacing == 0x0) || (SIZEOF (.vector_44) <= (_vector_spacing << 0x5))), function at exception vector 44 too large)

.vector_45      0x000000009d03f7a0        0x0
 *(.vector_45)
                0x0000000000000001                ASSERT (((_vector_spacing == 0x0) || (SIZEOF (.vector_45) <= (_vector_spacing << 0x5))), function at exception vector 45 too large)

.vector_46      0x000000009d03f7c0        0x0
 *(.vector_46)
                0x0000000000000001                ASSERT (((_vector_spacing == 0x0) || (SIZEOF (.vector_46) <= (_vector_spacing << 0x5))), function at exception vector 46 too large)

.vector_47      0x000000009d03f7e0        0x0
 *(.vector_47)
                0x0000000000000001                ASSERT (((_vector_spacing == 0x0) || (SIZEOF (.vector_47) <= (_vector_spacing << 0x5))), function at exception vector 47 too large)

.vector_48      0x000000009d03f800        0x0
 *(.vector_48)
                0x0000000000000001                ASSERT (((_vector_spacing == 0x0) || (SIZEOF (.vector_48) <= (_vector_spacing << 0x5))), function at exception vector 48 too large)

.vector_49      0x000000009d03f820        0x0
 *(.vector_49)
                0x0000000000000001                ASSERT (((_vector_spacing == 0x0) || (SIZEOF (.vector_49) <= (_vector_spacing << 0x5))), function at exception vector 49 too large)

.vector_50      0x000000009d03f840        0x0
 *(.vector_50)
                0x0000000000000001                ASSERT (((_vector_spacing == 0x0) || (SIZEOF (.vector_50) <= (_vector_spacing << 0x5))), function at exception vector 50 too large)

.vector_51      0x000000009d03f860        0x0
 *(.vector_51)
                0x0000000000000001                ASSERT (((_vector_spacing == 0x0) || (SIZEOF (.vector_51) <= (_vector_spacing << 0x5))), function at exception vector 51 too large)

.vector_52      0x000000009d03f880        0x0
 *(.vector_52)
                0x0000000000000001                ASSERT (((_vector_spacing == 0x0) || (SIZEOF (.vector_52) <= (_vector_spacing << 0x5))), function at exception vector 52 too large)

.vector_53      0x000000009d03f8a0        0x0
 *(.vector_53)
                0x0000000000000001                ASSERT (((_vector_spacing == 0x0) || (SIZEOF (.vector_53) <= (_vector_spacing << 0x5))), function at exception vector 53 too large)

.vector_54      0x000000009d03f8c0        0x0
 *(.vector_54)
                0x0000000000000001                ASSERT (((_vector_spacing == 0x0) || (SIZEOF (.vector_54) <= (_vector_spacing << 0x5))), function at exception vector 54 too large)

.vector_55      0x000000009d03f8e0        0x0
 *(.vector_55)
                0x0000000000000001                ASSERT (((_vector_spacing == 0x0) || (SIZEOF (.vector_55) <= (_vector_spacing << 0x5))), function at exception vector 55 too large)

.vector_56      0x000000009d03f900        0x0
 *(.vector_56)
                0x0000000000000001                ASSERT (((_vector_spacing == 0x0) || (SIZEOF (.vector_56) <= (_vector_spacing << 0x5))), function at exception vector 56 too large)

.vector_57      0x000000009d03f920        0x0
 *(.vector_57)
                0x0000000000000001                ASSERT (((_vector_spacing == 0x0) || (SIZEOF (.vector_57) <= (_vector_spacing << 0x5))), function at exception vector 57 too large)

.vector_58      0x000000009d03f940        0x0
 *(.vector_58)
                0x0000000000000001                ASSERT (((_vector_spacing == 0x0) || (SIZEOF (.vector_58) <= (_vector_spacing << 0x5))), function at exception vector 58 too large)

.vector_59      0x000000009d03f960        0x0
 *(.vector_59)
                0x0000000000000001                ASSERT (((_vector_spacing == 0x0) || (SIZEOF (.vector_59) <= (_vector_spacing << 0x5))), function at exception vector 59 too large)

.vector_60      0x000000009d03f980        0x0
 *(.vector_60)
                0x0000000000000001                ASSERT (((_vector_spacing == 0x0) || (SIZEOF (.vector_60) <= (_vector_spacing << 0x5))), function at exception vector 60 too large)

.vector_61      0x000000009d03f9a0        0x0
 *(.vector_61)
                0x0000000000000001                ASSERT (((_vector_spacing == 0x0) || (SIZEOF (.vector_61) <= (_vector_spacing << 0x5))), function at exception vector 61 too large)

.vector_62      0x000000009d03f9c0        0x0
 *(.vector_62)
                0x0000000000000001                ASSERT (((_vector_spacing == 0x0) || (SIZEOF (.vector_62) <= (_vector_spacing << 0x5))), function at exception vector 62 too large)

.vector_63      0x000000009d03f9e0        0x0
 *(.vector_63)
                0x0000000000000001                ASSERT (((_vector_spacing == 0x0) || (SIZEOF (.vector_63) <= (_vector_spacing << 0x5))), function at exception vector 63 too large)

.startup
 *(.startup)

.text           0x000000009d000000        0x0
 *(.stub .gnu.linkonce.t.*)
 *(.text.*personality*)
 *(.mips16.fn.*)
 *(.mips16.call.*)
 *(.gnu.warning)
                0x000000009d000000                . = ALIGN (0x4)

.init           0x000000009d000000        0x0
 *crti.o(.init)
 *crtbegin.o(.init)
 *(EXCLUDE_FILE(*crtn.o *crtend?.o *crtend.o) .init)
 *crtend.o(.init)
 *crtn.o(.init)
                0x000000009d000000                . = ALIGN (0x4)

.fini           0x000000009d000000        0x0
 *(.fini)
                0x000000009d000000                . = ALIGN (0x4)

.preinit_array  0x000000009d000000        0x0
                [!provide]                        PROVIDE (__preinit_array_start = .)
 *(.preinit_array)
                [!provide]                        PROVIDE (__preinit_array_end = .)
                0x000000009d000000                . = ALIGN (0x4)

.init_array     0x000000009d000000        0x0
                [!provide]                        PROVIDE (__init_array_start = .)
 *(SORT_BY_NAME(.init_array.*))
 *(.init_array)
                [!provide]                        PROVIDE (__init_array_end = .)
                0x000000009d000000                . = ALIGN (0x4)

.fini_array     0x000000009d000000        0x0
                [!provide]                        PROVIDE (__fini_array_start = .)
 *(SORT_BY_NAME(.fini_array.*))
 *(.fini_array)
                [!provide]                        PROVIDE (__fini_array_end = .)
                0x000000009d000000                . = ALIGN (0x4)

.ctors          0x000000009d000000        0x0
 *crtbegin.o(.ctors)
 *crtbegin?.o(.ctors)
 *(EXCLUDE_FILE(*crtend?.o *crtend.o) .ctors)
 *(SORT_BY_NAME(.ctors.*))
 *(.ctors)
                0x000000009d000000                . = ALIGN (0x4)

.dtors          0x000000009d000000        0x0
 *crtbegin.o(.dtors)
 *crtbegin?.o(.dtors)
 *(EXCLUDE_FILE(*crtend?.o *crtend.o) .dtors)
 *(SORT_BY_NAME(.dtors.*))
 *(.dtors)
                0x000000009d000000                . = ALIGN (0x4)

.rodata         0x000000009d000000        0x0
 *(.gnu.linkonce.r.*)
 *(.rodata1)
                0x000000009d000000                . = ALIGN (0x4)

.sdata2         0x000000009d000000        0x0
 *(.sdata2 .sdata2.* .gnu.linkonce.s2.*)
                0x000000009d000000                . = ALIGN (0x4)

.sbss2          0x000000009d000000        0x0
 *(.sbss2 .sbss2.* .gnu.linkonce.sb2.*)
                0x000000009d000000                . = ALIGN (0x4)

.eh_frame_hdr
 *(.eh_frame_hdr)
                0x000000009d000000                . = ALIGN (0x4)

.eh_frame
 *(.eh_frame)
                0x000000009d000000                . = ALIGN (0x4)

.gcc_except_table
 *(.gcc_except_table .gcc_except_table.*)
                0x000000009d000000                . = ALIGN (0x4)

.dbg_data       0x00000000a0000000        0x0
                0x00000000a0000000                . = (. + DEFINED (_DEBUGGER)?0x200:0x0)

.jcr            0x00000000a0000000        0x0
 *(.jcr)
                0x00000000a0000000                . = ALIGN (0x4)

.eh_frame
 *(.eh_frame)
                0x00000000a0000000                . = ALIGN (0x4)

.gcc_except_table
 *(.gcc_except_table .gcc_except_table.*)
                0x00000000a0000000                . = ALIGN (0x4)

.persist        0x00000000a0000000        0x0
                0x00000000a0000000                _persist_begin = .
 *(.persist .persist.*)
                0x00000000a0000000                . = ALIGN (0x4)
                0x00000000a0000000                _persist_end = .

.data           0x00000000a0000000        0x0
 *(.gnu.linkonce.d.*)
 *(.data1)
                0x00000000a0000000                . = ALIGN (0x4)
                0x00000000a0000000                . = .
                0x00000000a0007ff0                _gp = (ALIGN (0x10) + 0x7ff0)

.got            0x00000000a0000000        0x0
 *(.got.plt)
 *(.got)
                0x00000000a0000000                . = ALIGN (0x4)

.sdata          0x00000000a0000000        0xc
                0x00000000a0000000                _sdata_begin = .
 *(.sdata .sdata.* .gnu.linkonce.s.*)
 .sdata.uxInterruptNesting
                0x00000000a0000000        0x4 build/default/production/_ext/951553248/port.o
                0x00000000a0000000                uxInterruptNesting
 .sdata.dir_table
                0x00000000a0000004        0x8 build/default/production/_ext/1360937237/app.o
                0x00000000a0000004                dir_table
                0x00000000a000000c                . = ALIGN (0x4)
                0x00000000a000000c                _sdata_end = .

.lit8
 *(.lit8)

.lit4
 *(.lit4)
                0x00000000a000000c                . = ALIGN (0x4)
                0x00000000a000000c                _data_end = .
                0x00000000a000000c                _bss_begin = .

.sbss           0x00000000a000000c       0x6c
                0x00000000a000000c                _sbss_begin = .
 *(.dynsbss)
 *(.sbss .sbss.* .gnu.linkonce.sb.*)
 .sbss.altSetting.11464
                0x00000000a000000c        0x1 build/default/production/_ext/308758920/usb_device_hid.o
 *fill*         0x00000000a000000d        0x3 
 .sbss.gUSBDeviceHidCommonDataObj
                0x00000000a0000010        0x8 build/default/production/_ext/308758920/usb_device_hid.o
 .sbss.sysObj   0x00000000a0000018        0x8 build/default/production/_ext/1171490990/initialization.o
                0x00000000a0000018                sysObj
 .sbss.xAPP_Tasks
                0x00000000a0000020        0x4 build/default/production/_ext/1171490990/tasks.o
                0x00000000a0000020                xAPP_Tasks
 .sbss.pucAlignedHeap.7823
                0x00000000a0000024        0x4 build/default/production/_ext/1665200909/heap_1.o
 .sbss.xNextFreeByte
                0x00000000a0000028        0x4 build/default/production/_ext/1665200909/heap_1.o
 .sbss.uxSavedTaskStackPointer
                0x00000000a000002c        0x4 build/default/production/_ext/951553248/port.o
                0x00000000a000002c                uxSavedTaskStackPointer
 .sbss.uxSchedulerSuspended
                0x00000000a0000030        0x4 build/default/production/_ext/404212886/FreeRTOS_tasks.o
 .sbss.xIdleTaskHandles
                0x00000000a0000034        0x4 build/default/production/_ext/404212886/FreeRTOS_tasks.o
 .sbss.xNextTaskUnblockTime
                0x00000000a0000038        0x4 build/default/production/_ext/404212886/FreeRTOS_tasks.o
 .sbss.uxTaskNumber
                0x00000000a000003c        0x4 build/default/production/_ext/404212886/FreeRTOS_tasks.o
 .sbss.xNumOfOverflows
                0x00000000a0000040        0x4 build/default/production/_ext/404212886/FreeRTOS_tasks.o
 .sbss.xYieldPendings
                0x00000000a0000044        0x4 build/default/production/_ext/404212886/FreeRTOS_tasks.o
 .sbss.xPendedTicks
                0x00000000a0000048        0x4 build/default/production/_ext/404212886/FreeRTOS_tasks.o
 .sbss.xSchedulerRunning
                0x00000000a000004c        0x4 build/default/production/_ext/404212886/FreeRTOS_tasks.o
 .sbss.uxTopReadyPriority
                0x00000000a0000050        0x4 build/default/production/_ext/404212886/FreeRTOS_tasks.o
 .sbss.xTickCount
                0x00000000a0000054        0x4 build/default/production/_ext/404212886/FreeRTOS_tasks.o
 .sbss.uxCurrentNumberOfTasks
                0x00000000a0000058        0x4 build/default/production/_ext/404212886/FreeRTOS_tasks.o
 .sbss.uxDeletedTasksWaitingCleanUp
                0x00000000a000005c        0x4 build/default/production/_ext/404212886/FreeRTOS_tasks.o
 .sbss.pxOverflowDelayedTaskList
                0x00000000a0000060        0x4 build/default/production/_ext/404212886/FreeRTOS_tasks.o
 .sbss.pxDelayedTaskList
                0x00000000a0000064        0x4 build/default/production/_ext/404212886/FreeRTOS_tasks.o
 .sbss.pxCurrentTCB
                0x00000000a0000068        0x4 build/default/production/_ext/404212886/FreeRTOS_tasks.o
                0x00000000a0000068                pxCurrentTCB
 .sbss.vector.13642
                0x00000000a000006c        0x1 build/default/production/_ext/1360937237/app.o
 .sbss.movement_length.13643
                0x00000000a000006d        0x1 build/default/production/_ext/1360937237/app.o
 .sbss.sent_dont_move.13644
                0x00000000a000006e        0x1 build/default/production/_ext/1360937237/app.o
 *fill*         0x00000000a000006f        0x1 
 .sbss.mouseReportPrevious
                0x00000000a0000070        0x3 build/default/production/_ext/1360937237/app.o
                0x00000000a0000070                mouseReportPrevious
 *fill*         0x00000000a0000073        0x1 
 .sbss.mouseReport
                0x00000000a0000074        0x3 build/default/production/_ext/1360937237/app.o
                0x00000000a0000074                mouseReport
 *(.scommon)
                0x00000000a0000077                _sbss_end = .
                0x00000000a0000078                . = ALIGN (0x4)
 *fill*         0x00000000a0000077        0x1 

.bss            0x00000000a0000078        0x0
 *(.dynbss)
 *(COMMON)
                0x00000000a0000078                . = ALIGN ((. != 0x0)?0x4:0x1)
                0x00000000a0000078                . = ALIGN (0x4)
                0x00000000a0000078                _end = .
                0x00000000a0000078                _bss_end = .
                0x0000000000010000                _bmxdudba_address = LENGTH (kseg1_data_mem)
                0x0000000000010000                _bmxdupba_address = LENGTH (kseg1_data_mem)

/DISCARD/
 *(.pdr)
 *(.rel.dyn)
 *(.note.GNU-stack)
 *(.note.GNU-stack)
 *(.gnu_debuglink)
 *(.gnu.lto_*)
 *(.discard)

.gptab.sdata
 *(.gptab.data)
 *(.gptab.sdata)

.gptab.sbss
 *(.gptab.bss)
 *(.gptab.sbss)

.mdebug.abi32   0x0000000000000000        0x0
 *(.mdebug.abi32)
 .mdebug.abi32  0x0000000000000000        0x0 build/default/production/_ext/2128569739/drv_usbfs.o
 .mdebug.abi32  0x0000000000000000        0x0 build/default/production/_ext/2128569739/drv_usbfs_device.o
 .mdebug.abi32  0x0000000000000000        0x0 build/default/production/_ext/1529399856/osal_freertos.o
 .mdebug.abi32  0x0000000000000000        0x0 build/default/production/_ext/60165520/plib_clk.o
 .mdebug.abi32  0x0000000000000000        0x0 build/default/production/_ext/1865200349/plib_evic.o
 .mdebug.abi32  0x0000000000000000        0x0 build/default/production/_ext/1865254177/plib_gpio.o
 .mdebug.abi32  0x0000000000000000        0x0 build/default/production/_ext/163028504/xc32_monitor.o
 .mdebug.abi32  0x0000000000000000        0x0 build/default/production/_ext/1881668453/sys_int.o
 .mdebug.abi32  0x0000000000000000        0x0 build/default/production/_ext/308758920/usb_device.o
 .mdebug.abi32  0x0000000000000000        0x0 build/default/production/_ext/308758920/usb_device_hid.o
 .mdebug.abi32  0x0000000000000000        0x0 build/default/production/_ext/1171490990/usb_device_init_data.o
 .mdebug.abi32  0x0000000000000000        0x0 build/default/production/_ext/1171490990/freertos_hooks.o
 .mdebug.abi32  0x0000000000000000        0x0 build/default/production/_ext/1171490990/initialization.o
 .mdebug.abi32  0x0000000000000000        0x0 build/default/production/_ext/1171490990/interrupts.o
 .mdebug.abi32  0x0000000000000000        0x0 build/default/production/_ext/1171490990/tasks.o
 .mdebug.abi32  0x0000000000000000        0x0 build/default/production/_ext/1171490990/exceptions.o
 .mdebug.abi32  0x0000000000000000        0x0 build/default/production/_ext/1665200909/heap_1.o
 .mdebug.abi32  0x0000000000000000        0x0 build/default/production/_ext/951553248/port.o
 .mdebug.abi32  0x0000000000000000        0x0 build/default/production/_ext/404212886/queue.o
 .mdebug.abi32  0x0000000000000000        0x0 build/default/production/_ext/404212886/list.o
 .mdebug.abi32  0x0000000000000000        0x0 build/default/production/_ext/404212886/FreeRTOS_tasks.o
 .mdebug.abi32  0x0000000000000000        0x0 build/default/production/_ext/404212886/timers.o
 .mdebug.abi32  0x0000000000000000        0x0 build/default/production/_ext/404212886/event_groups.o
 .mdebug.abi32  0x0000000000000000        0x0 build/default/production/_ext/404212886/croutine.o
 .mdebug.abi32  0x0000000000000000        0x0 build/default/production/_ext/404212886/stream_buffer.o
 .mdebug.abi32  0x0000000000000000        0x0 build/default/production/_ext/1360937237/app.o
 .mdebug.abi32  0x0000000000000000        0x0 build/default/production/_ext/1360937237/main.o
 .mdebug.abi32  0x0000000000000000        0x0 build/default/production/_ext/1360937237/mouse.o
 .mdebug.abi32  0x0000000000000000        0x0 c:/program files/microchip/xc32/v4.60/bin/bin/../../lib/gcc/pic32mx/8.3.1/../../../../pic32mx/lib\libpic32.a(default-on-reset.o)
 .mdebug.abi32  0x0000000000000000        0x0 c:/program files/microchip/xc32/v4.60/bin/bin/../../lib/gcc/pic32mx/8.3.1/../../../../pic32mx/lib\libpic32.a(default-on-bootstrap.o)
 .mdebug.abi32  0x0000000000000000        0x0 c:/program files/microchip/xc32/v4.60/bin/bin/../../lib/gcc/pic32mx/8.3.1/../../../../pic32mx/lib\libpic32.a(defaultinterrupt.o)
 .mdebug.abi32  0x0000000000000000        0x0 c:/program files/microchip/xc32/v4.60/bin/bin/../../lib/gcc/pic32mx/8.3.1/../../../../pic32mx/lib\libc-size-musl.a(memcmp.o)
 .mdebug.abi32  0x0000000000000000        0x0 c:/program files/microchip/xc32/v4.60/bin/bin/../../lib/gcc/pic32mx/8.3.1/../../../../pic32mx/lib\libc-size-musl.a(memcpy.o)
 .mdebug.abi32  0x0000000000000000        0x0 c:/program files/microchip/xc32/v4.60/bin/bin/../../lib/gcc/pic32mx/8.3.1/../../../../pic32mx/lib\libc-size-musl.a(memset.o)

.mdebug.abiN32
 *(.mdebug.abiN32)

.mdebug.abi64
 *(.mdebug.abi64)

.mdebug.abiO64
 *(.mdebug.abiO64)

.mdebug.eabi32
 *(.mdebug.eabi32)

.mdebug.eabi64
 *(.mdebug.eabi64)

.gcc_compiled_long32
 *(.gcc_compiled_long32)

.gcc_compiled_long64
 *(.gcc_compiled_long64)

.stab
 *(.stab)

.stabstr
 *(.stabstr)

.stab.excl
 *(.stab.excl)

.stab.exclstr
 *(.stab.exclstr)

.stab.index
 *(.stab.index)

.stab.indexstr
 *(.stab.indexstr)

.comment        0x0000000000000000       0x2b
 *(.comment)
 .comment       0x0000000000000000       0x2b build/default/production/_ext/2128569739/drv_usbfs.o
                                         0x2c (size before relaxing)
 .comment       0x000000000000002b       0x2c build/default/production/_ext/2128569739/drv_usbfs_device.o
 .comment       0x000000000000002b       0x2c build/default/production/_ext/1529399856/osal_freertos.o
 .comment       0x000000000000002b       0x2c build/default/production/_ext/60165520/plib_clk.o
 .comment       0x000000000000002b       0x2c build/default/production/_ext/1865200349/plib_evic.o
 .comment       0x000000000000002b       0x2c build/default/production/_ext/1865254177/plib_gpio.o
 .comment       0x000000000000002b       0x2c build/default/production/_ext/163028504/xc32_monitor.o
 .comment       0x000000000000002b       0x2c build/default/production/_ext/1881668453/sys_int.o
 .comment       0x000000000000002b       0x2c build/default/production/_ext/308758920/usb_device.o
 .comment       0x000000000000002b       0x2c build/default/production/_ext/308758920/usb_device_hid.o
 .comment       0x000000000000002b       0x2c build/default/production/_ext/1171490990/usb_device_init_data.o
 .comment       0x000000000000002b       0x2c build/default/production/_ext/1171490990/freertos_hooks.o
 .comment       0x000000000000002b       0x2c build/default/production/_ext/1171490990/initialization.o
 .comment       0x000000000000002b       0x2c build/default/production/_ext/1171490990/interrupts.o
 .comment       0x000000000000002b       0x2c build/default/production/_ext/1171490990/tasks.o
 .comment       0x000000000000002b       0x2c build/default/production/_ext/1171490990/exceptions.o
 .comment       0x000000000000002b       0x2c build/default/production/_ext/1665200909/heap_1.o
 .comment       0x000000000000002b       0x2c build/default/production/_ext/951553248/port.o
 .comment       0x000000000000002b       0x2c build/default/production/_ext/404212886/queue.o
 .comment       0x000000000000002b       0x2c build/default/production/_ext/404212886/list.o
 .comment       0x000000000000002b       0x2c build/default/production/_ext/404212886/FreeRTOS_tasks.o
 .comment       0x000000000000002b       0x2c build/default/production/_ext/404212886/timers.o
 .comment       0x000000000000002b       0x2c build/default/production/_ext/404212886/event_groups.o
 .comment       0x000000000000002b       0x2c build/default/production/_ext/404212886/croutine.o
 .comment       0x000000000000002b       0x2c build/default/production/_ext/404212886/stream_buffer.o
 .comment       0x000000000000002b       0x2c build/default/production/_ext/1360937237/app.o
 .comment       0x000000000000002b       0x2c build/default/production/_ext/1360937237/main.o
 .comment       0x000000000000002b       0x2c build/default/production/_ext/1360937237/mouse.o
 .comment       0x000000000000002b       0x2c c:/program files/microchip/xc32/v4.60/bin/bin/../../lib/gcc/pic32mx/8.3.1/../../../../pic32mx/lib\libpic32.a(default-on-reset.o)
 .comment       0x000000000000002b       0x2c c:/program files/microchip/xc32/v4.60/bin/bin/../../lib/gcc/pic32mx/8.3.1/../../../../pic32mx/lib\libpic32.a(default-on-bootstrap.o)
 .comment       0x000000000000002b       0x2c c:/program files/microchip/xc32/v4.60/bin/bin/../../lib/gcc/pic32mx/8.3.1/../../../../pic32mx/lib\libpic32.a(defaultinterrupt.o)
 .comment       0x000000000000002b       0x2c c:/program files/microchip/xc32/v4.60/bin/bin/../../lib/gcc/pic32mx/8.3.1/../../../../pic32mx/lib\libc-size-musl.a(memcmp.o)
 .comment       0x000000000000002b       0x2c c:/program files/microchip/xc32/v4.60/bin/bin/../../lib/gcc/pic32mx/8.3.1/../../../../pic32mx/lib\libc-size-musl.a(memcpy.o)
 .comment       0x000000000000002b       0x2c c:/program files/microchip/xc32/v4.60/bin/bin/../../lib/gcc/pic32mx/8.3.1/../../../../pic32mx/lib\libc-size-musl.a(memset.o)

.debug
 *.elf(.debug)
 *(.debug)

.line
 *.elf(.line)
 *(.line)

.debug_srcinfo
 *.elf(.debug_srcinfo)
 *(.debug_srcinfo)

.debug_sfnames
 *.elf(.debug_sfnames)
 *(.debug_sfnames)

.debug_aranges  0x0000000000000000      0xc50
 *.elf(.debug_aranges)
 *(.debug_aranges)
 .debug_aranges
                0x0000000000000000       0x60 build/default/production/_ext/2128569739/drv_usbfs.o
 .debug_aranges
                0x0000000000000060       0xc0 build/default/production/_ext/2128569739/drv_usbfs_device.o
 .debug_aranges
                0x0000000000000120       0x90 build/default/production/_ext/1529399856/osal_freertos.o
 .debug_aranges
                0x00000000000001b0       0x20 build/default/production/_ext/60165520/plib_clk.o
 .debug_aranges
                0x00000000000001d0       0x78 build/default/production/_ext/1865200349/plib_evic.o
 .debug_aranges
                0x0000000000000248       0x60 build/default/production/_ext/1865254177/plib_gpio.o
 .debug_aranges
                0x00000000000002a8       0x28 build/default/production/_ext/163028504/xc32_monitor.o
 .debug_aranges
                0x00000000000002d0       0x40 build/default/production/_ext/1881668453/sys_int.o
 .debug_aranges
                0x0000000000000310      0x1a0 build/default/production/_ext/308758920/usb_device.o
 .debug_aranges
                0x00000000000004b0       0x68 build/default/production/_ext/308758920/usb_device_hid.o
 .debug_aranges
                0x0000000000000518       0x18 build/default/production/_ext/1171490990/usb_device_init_data.o
 .debug_aranges
                0x0000000000000530       0x40 build/default/production/_ext/1171490990/freertos_hooks.o
 .debug_aranges
                0x0000000000000570       0x20 build/default/production/_ext/1171490990/initialization.o
 .debug_aranges
                0x0000000000000590       0x28 build/default/production/_ext/1171490990/interrupts_a.o
 .debug_aranges
                0x00000000000005b8       0x20 build/default/production/_ext/1171490990/interrupts.o
 .debug_aranges
                0x00000000000005d8       0x30 build/default/production/_ext/1171490990/tasks.o
 .debug_aranges
                0x0000000000000608       0x28 build/default/production/_ext/1171490990/exceptions.o
 .debug_aranges
                0x0000000000000630       0x40 build/default/production/_ext/1665200909/heap_1.o
 .debug_aranges
                0x0000000000000670       0x58 build/default/production/_ext/951553248/port.o
 .debug_aranges
                0x00000000000006c8       0x20 build/default/production/_ext/951553248/port_asm.o
 .debug_aranges
                0x00000000000006e8       0xd8 build/default/production/_ext/404212886/queue.o
 .debug_aranges
                0x00000000000007c0       0x40 build/default/production/_ext/404212886/list.o
 .debug_aranges
                0x0000000000000800      0x1b0 build/default/production/_ext/404212886/FreeRTOS_tasks.o
 .debug_aranges
                0x00000000000009b0       0x18 build/default/production/_ext/404212886/timers.o
 .debug_aranges
                0x00000000000009c8       0x60 build/default/production/_ext/404212886/event_groups.o
 .debug_aranges
                0x0000000000000a28       0x18 build/default/production/_ext/404212886/croutine.o
 .debug_aranges
                0x0000000000000a40       0xd0 build/default/production/_ext/404212886/stream_buffer.o
 .debug_aranges
                0x0000000000000b10       0x40 build/default/production/_ext/1360937237/app.o
 .debug_aranges
                0x0000000000000b50       0x20 build/default/production/_ext/1360937237/main.o
 .debug_aranges
                0x0000000000000b70       0x20 build/default/production/_ext/1360937237/mouse.o
 .debug_aranges
                0x0000000000000b90       0x20 c:/program files/microchip/xc32/v4.60/bin/bin/../../lib/gcc/pic32mx/8.3.1/../../../../pic32mx/lib\libpic32.a(default-on-reset.o)
 .debug_aranges
                0x0000000000000bb0       0x20 c:/program files/microchip/xc32/v4.60/bin/bin/../../lib/gcc/pic32mx/8.3.1/../../../../pic32mx/lib\libpic32.a(default-on-bootstrap.o)
 .debug_aranges
                0x0000000000000bd0       0x20 c:/program files/microchip/xc32/v4.60/bin/bin/../../lib/gcc/pic32mx/8.3.1/../../../../pic32mx/lib\libpic32.a(defaultinterrupt.o)
 .debug_aranges
                0x0000000000000bf0       0x20 c:/program files/microchip/xc32/v4.60/bin/bin/../../lib/gcc/pic32mx/8.3.1/../../../../pic32mx/lib\libc-size-musl.a(memcmp.o)
 .debug_aranges
                0x0000000000000c10       0x20 c:/program files/microchip/xc32/v4.60/bin/bin/../../lib/gcc/pic32mx/8.3.1/../../../../pic32mx/lib\libc-size-musl.a(memcpy.o)
 .debug_aranges
                0x0000000000000c30       0x20 c:/program files/microchip/xc32/v4.60/bin/bin/../../lib/gcc/pic32mx/8.3.1/../../../../pic32mx/lib\libc-size-musl.a(memset.o)

.debug_pubnames
 *.elf(.debug_pubnames)
 *(.debug_pubnames)

.debug_info     0x0000000000000000    0x1a56c
 *.elf(.debug_info .gnu.linkonce.wi.*)
 *(.debug_info .gnu.linkonce.wi.*)
 .debug_info    0x0000000000000000     0x2a61 build/default/production/_ext/2128569739/drv_usbfs.o
 .debug_info    0x0000000000002a61     0x5fad build/default/production/_ext/2128569739/drv_usbfs_device.o
 .debug_info    0x0000000000008a0e      0x79a build/default/production/_ext/1529399856/osal_freertos.o
 .debug_info    0x00000000000091a8      0x106 build/default/production/_ext/60165520/plib_clk.o
 .debug_info    0x00000000000092ae      0x41e build/default/production/_ext/1865200349/plib_evic.o
 .debug_info    0x00000000000096cc      0x307 build/default/production/_ext/1865254177/plib_gpio.o
 .debug_info    0x00000000000099d3       0xe7 build/default/production/_ext/163028504/xc32_monitor.o
 .debug_info    0x0000000000009aba      0x294 build/default/production/_ext/1881668453/sys_int.o
 .debug_info    0x0000000000009d4e     0x387f build/default/production/_ext/308758920/usb_device.o
 .debug_info    0x000000000000d5cd     0x1967 build/default/production/_ext/308758920/usb_device_hid.o
 .debug_info    0x000000000000ef34     0x13d7 build/default/production/_ext/1171490990/usb_device_init_data.o
 .debug_info    0x000000000001030b      0x1f6 build/default/production/_ext/1171490990/freertos_hooks.o
 .debug_info    0x0000000000010501      0xbd4 build/default/production/_ext/1171490990/initialization.o
 .debug_info    0x00000000000110d5       0x22 build/default/production/_ext/1171490990/interrupts_a.o
 .debug_info    0x00000000000110f7       0xbd build/default/production/_ext/1171490990/interrupts.o
 .debug_info    0x00000000000111b4      0x489 build/default/production/_ext/1171490990/tasks.o
 .debug_info    0x000000000001163d      0x2b5 build/default/production/_ext/1171490990/exceptions.o
 .debug_info    0x00000000000118f2      0x236 build/default/production/_ext/1665200909/heap_1.o
 .debug_info    0x0000000000011b28      0xba9 build/default/production/_ext/951553248/port.o
 .debug_info    0x00000000000126d1       0x26 build/default/production/_ext/951553248/port_asm.o
 .debug_info    0x00000000000126f7     0x1bcc build/default/production/_ext/404212886/queue.o
 .debug_info    0x00000000000142c3      0x2f3 build/default/production/_ext/404212886/list.o
 .debug_info    0x00000000000145b6     0x2bcf build/default/production/_ext/404212886/FreeRTOS_tasks.o
 .debug_info    0x0000000000017185       0x79 build/default/production/_ext/404212886/timers.o
 .debug_info    0x00000000000171fe      0xaca build/default/production/_ext/404212886/event_groups.o
 .debug_info    0x0000000000017cc8       0x79 build/default/production/_ext/404212886/croutine.o
 .debug_info    0x0000000000017d41     0x1716 build/default/production/_ext/404212886/stream_buffer.o
 .debug_info    0x0000000000019457      0xb72 build/default/production/_ext/1360937237/app.o
 .debug_info    0x0000000000019fc9       0xe2 build/default/production/_ext/1360937237/main.o
 .debug_info    0x000000000001a0ab      0x17a build/default/production/_ext/1360937237/mouse.o
 .debug_info    0x000000000001a225       0x3f c:/program files/microchip/xc32/v4.60/bin/bin/../../lib/gcc/pic32mx/8.3.1/../../../../pic32mx/lib\libpic32.a(default-on-reset.o)
 .debug_info    0x000000000001a264       0x3f c:/program files/microchip/xc32/v4.60/bin/bin/../../lib/gcc/pic32mx/8.3.1/../../../../pic32mx/lib\libpic32.a(default-on-bootstrap.o)
 .debug_info    0x000000000001a2a3       0x40 c:/program files/microchip/xc32/v4.60/bin/bin/../../lib/gcc/pic32mx/8.3.1/../../../../pic32mx/lib\libpic32.a(defaultinterrupt.o)
 .debug_info    0x000000000001a2e3       0xd2 c:/program files/microchip/xc32/v4.60/bin/bin/../../lib/gcc/pic32mx/8.3.1/../../../../pic32mx/lib\libc-size-musl.a(memcmp.o)
 .debug_info    0x000000000001a3b5       0xf7 c:/program files/microchip/xc32/v4.60/bin/bin/../../lib/gcc/pic32mx/8.3.1/../../../../pic32mx/lib\libc-size-musl.a(memcpy.o)
 .debug_info    0x000000000001a4ac       0xc0 c:/program files/microchip/xc32/v4.60/bin/bin/../../lib/gcc/pic32mx/8.3.1/../../../../pic32mx/lib\libc-size-musl.a(memset.o)

.debug_abbrev   0x0000000000000000     0x362a
 *.elf(.debug_abbrev)
 *(.debug_abbrev)
 .debug_abbrev  0x0000000000000000      0x457 build/default/production/_ext/2128569739/drv_usbfs.o
 .debug_abbrev  0x0000000000000457      0x529 build/default/production/_ext/2128569739/drv_usbfs_device.o
 .debug_abbrev  0x0000000000000980      0x1c9 build/default/production/_ext/1529399856/osal_freertos.o
 .debug_abbrev  0x0000000000000b49       0x6f build/default/production/_ext/60165520/plib_clk.o
 .debug_abbrev  0x0000000000000bb8      0x129 build/default/production/_ext/1865200349/plib_evic.o
 .debug_abbrev  0x0000000000000ce1       0xdd build/default/production/_ext/1865254177/plib_gpio.o
 .debug_abbrev  0x0000000000000dbe       0x9e build/default/production/_ext/163028504/xc32_monitor.o
 .debug_abbrev  0x0000000000000e5c      0x149 build/default/production/_ext/1881668453/sys_int.o
 .debug_abbrev  0x0000000000000fa5      0x39b build/default/production/_ext/308758920/usb_device.o
 .debug_abbrev  0x0000000000001340      0x367 build/default/production/_ext/308758920/usb_device_hid.o
 .debug_abbrev  0x00000000000016a7      0x200 build/default/production/_ext/1171490990/usb_device_init_data.o
 .debug_abbrev  0x00000000000018a7      0x112 build/default/production/_ext/1171490990/freertos_hooks.o
 .debug_abbrev  0x00000000000019b9      0x26e build/default/production/_ext/1171490990/initialization.o
 .debug_abbrev  0x0000000000001c27       0x12 build/default/production/_ext/1171490990/interrupts_a.o
 .debug_abbrev  0x0000000000001c39       0x67 build/default/production/_ext/1171490990/interrupts.o
 .debug_abbrev  0x0000000000001ca0      0x18e build/default/production/_ext/1171490990/tasks.o
 .debug_abbrev  0x0000000000001e2e       0x9f build/default/production/_ext/1171490990/exceptions.o
 .debug_abbrev  0x0000000000001ecd      0x164 build/default/production/_ext/1665200909/heap_1.o
 .debug_abbrev  0x0000000000002031      0x37e build/default/production/_ext/951553248/port.o
 .debug_abbrev  0x00000000000023af       0x14 build/default/production/_ext/951553248/port_asm.o
 .debug_abbrev  0x00000000000023c3      0x2ab build/default/production/_ext/404212886/queue.o
 .debug_abbrev  0x000000000000266e       0xfc build/default/production/_ext/404212886/list.o
 .debug_abbrev  0x000000000000276a      0x3d1 build/default/production/_ext/404212886/FreeRTOS_tasks.o
 .debug_abbrev  0x0000000000002b3b       0x26 build/default/production/_ext/404212886/timers.o
 .debug_abbrev  0x0000000000002b61      0x213 build/default/production/_ext/404212886/event_groups.o
 .debug_abbrev  0x0000000000002d74       0x26 build/default/production/_ext/404212886/croutine.o
 .debug_abbrev  0x0000000000002d9a      0x254 build/default/production/_ext/404212886/stream_buffer.o
 .debug_abbrev  0x0000000000002fee      0x267 build/default/production/_ext/1360937237/app.o
 .debug_abbrev  0x0000000000003255       0x82 build/default/production/_ext/1360937237/main.o
 .debug_abbrev  0x00000000000032d7       0xe4 build/default/production/_ext/1360937237/mouse.o
 .debug_abbrev  0x00000000000033bb       0x2e c:/program files/microchip/xc32/v4.60/bin/bin/../../lib/gcc/pic32mx/8.3.1/../../../../pic32mx/lib\libpic32.a(default-on-reset.o)
 .debug_abbrev  0x00000000000033e9       0x2e c:/program files/microchip/xc32/v4.60/bin/bin/../../lib/gcc/pic32mx/8.3.1/../../../../pic32mx/lib\libpic32.a(default-on-bootstrap.o)
 .debug_abbrev  0x0000000000003417       0x31 c:/program files/microchip/xc32/v4.60/bin/bin/../../lib/gcc/pic32mx/8.3.1/../../../../pic32mx/lib\libpic32.a(defaultinterrupt.o)
 .debug_abbrev  0x0000000000003448       0xa7 c:/program files/microchip/xc32/v4.60/bin/bin/../../lib/gcc/pic32mx/8.3.1/../../../../pic32mx/lib\libc-size-musl.a(memcmp.o)
 .debug_abbrev  0x00000000000034ef       0xaa c:/program files/microchip/xc32/v4.60/bin/bin/../../lib/gcc/pic32mx/8.3.1/../../../../pic32mx/lib\libc-size-musl.a(memcpy.o)
 .debug_abbrev  0x0000000000003599       0x91 c:/program files/microchip/xc32/v4.60/bin/bin/../../lib/gcc/pic32mx/8.3.1/../../../../pic32mx/lib\libc-size-musl.a(memset.o)

.debug_line     0x0000000000000000     0xc3a3
 *.elf(.debug_line)
 *(.debug_line)
 .debug_line    0x0000000000000000      0xa65 build/default/production/_ext/2128569739/drv_usbfs.o
 .debug_line    0x0000000000000a65     0x2266 build/default/production/_ext/2128569739/drv_usbfs_device.o
 .debug_line    0x0000000000002ccb      0x4cf build/default/production/_ext/1529399856/osal_freertos.o
 .debug_line    0x000000000000319a      0x160 build/default/production/_ext/60165520/plib_clk.o
 .debug_line    0x00000000000032fa      0x325 build/default/production/_ext/1865200349/plib_evic.o
 .debug_line    0x000000000000361f      0x25a build/default/production/_ext/1865254177/plib_gpio.o
 .debug_line    0x0000000000003879       0xee build/default/production/_ext/163028504/xc32_monitor.o
 .debug_line    0x0000000000003967      0x1d2 build/default/production/_ext/1881668453/sys_int.o
 .debug_line    0x0000000000003b39     0x1898 build/default/production/_ext/308758920/usb_device.o
 .debug_line    0x00000000000053d1      0xa45 build/default/production/_ext/308758920/usb_device_hid.o
 .debug_line    0x0000000000005e16      0x379 build/default/production/_ext/1171490990/usb_device_init_data.o
 .debug_line    0x000000000000618f      0x1cc build/default/production/_ext/1171490990/freertos_hooks.o
 .debug_line    0x000000000000635b      0x4a2 build/default/production/_ext/1171490990/initialization.o
 .debug_line    0x00000000000067fd       0x6f build/default/production/_ext/1171490990/interrupts_a.o
 .debug_line    0x000000000000686c       0x91 build/default/production/_ext/1171490990/interrupts.o
 .debug_line    0x00000000000068fd      0x357 build/default/production/_ext/1171490990/tasks.o
 .debug_line    0x0000000000006c54      0x1b4 build/default/production/_ext/1171490990/exceptions.o
 .debug_line    0x0000000000006e08      0x284 build/default/production/_ext/1665200909/heap_1.o
 .debug_line    0x000000000000708c      0x36f build/default/production/_ext/951553248/port.o
 .debug_line    0x00000000000073fb       0xfc build/default/production/_ext/951553248/port_asm.o
 .debug_line    0x00000000000074f7      0xf05 build/default/production/_ext/404212886/queue.o
 .debug_line    0x00000000000083fc      0x354 build/default/production/_ext/404212886/list.o
 .debug_line    0x0000000000008750     0x1c96 build/default/production/_ext/404212886/FreeRTOS_tasks.o
 .debug_line    0x000000000000a3e6       0x1d build/default/production/_ext/404212886/timers.o
 .debug_line    0x000000000000a403      0x660 build/default/production/_ext/404212886/event_groups.o
 .debug_line    0x000000000000aa63       0x1d build/default/production/_ext/404212886/croutine.o
 .debug_line    0x000000000000aa80      0xba4 build/default/production/_ext/404212886/stream_buffer.o
 .debug_line    0x000000000000b624      0x644 build/default/production/_ext/1360937237/app.o
 .debug_line    0x000000000000bc68       0xb7 build/default/production/_ext/1360937237/main.o
 .debug_line    0x000000000000bd1f       0xeb build/default/production/_ext/1360937237/mouse.o
 .debug_line    0x000000000000be0a       0xa5 c:/program files/microchip/xc32/v4.60/bin/bin/../../lib/gcc/pic32mx/8.3.1/../../../../pic32mx/lib\libpic32.a(default-on-reset.o)
 .debug_line    0x000000000000beaf       0xa9 c:/program files/microchip/xc32/v4.60/bin/bin/../../lib/gcc/pic32mx/8.3.1/../../../../pic32mx/lib\libpic32.a(default-on-bootstrap.o)
 .debug_line    0x000000000000bf58       0xc8 c:/program files/microchip/xc32/v4.60/bin/bin/../../lib/gcc/pic32mx/8.3.1/../../../../pic32mx/lib\libpic32.a(defaultinterrupt.o)
 .debug_line    0x000000000000c020      0x129 c:/program files/microchip/xc32/v4.60/bin/bin/../../lib/gcc/pic32mx/8.3.1/../../../../pic32mx/lib\libc-size-musl.a(memcmp.o)
 .debug_line    0x000000000000c149      0x133 c:/program files/microchip/xc32/v4.60/bin/bin/../../lib/gcc/pic32mx/8.3.1/../../../../pic32mx/lib\libc-size-musl.a(memcpy.o)
 .debug_line    0x000000000000c27c      0x127 c:/program files/microchip/xc32/v4.60/bin/bin/../../lib/gcc/pic32mx/8.3.1/../../../../pic32mx/lib\libc-size-musl.a(memset.o)

.debug_frame    0x0000000000000000     0x1fd0
 *.elf(.debug_frame)
 *(.debug_frame)
 .debug_frame   0x0000000000000000       0xf0 build/default/production/_ext/2128569739/drv_usbfs.o
 .debug_frame   0x00000000000000f0      0x228 build/default/production/_ext/2128569739/drv_usbfs_device.o
 .debug_frame   0x0000000000000318      0x1b4 build/default/production/_ext/1529399856/osal_freertos.o
 .debug_frame   0x00000000000004cc       0x20 build/default/production/_ext/60165520/plib_clk.o
 .debug_frame   0x00000000000004ec      0x110 build/default/production/_ext/1865200349/plib_evic.o
 .debug_frame   0x00000000000005fc       0xa0 build/default/production/_ext/1865254177/plib_gpio.o
 .debug_frame   0x000000000000069c       0x30 build/default/production/_ext/163028504/xc32_monitor.o
 .debug_frame   0x00000000000006cc       0xa0 build/default/production/_ext/1881668453/sys_int.o
 .debug_frame   0x000000000000076c      0x594 build/default/production/_ext/308758920/usb_device.o
 .debug_frame   0x0000000000000d00      0x150 build/default/production/_ext/308758920/usb_device_hid.o
 .debug_frame   0x0000000000000e50       0x7c build/default/production/_ext/1171490990/freertos_hooks.o
 .debug_frame   0x0000000000000ecc       0x2c build/default/production/_ext/1171490990/initialization.o
 .debug_frame   0x0000000000000ef8       0x2c build/default/production/_ext/1171490990/interrupts.o
 .debug_frame   0x0000000000000f24       0x5c build/default/production/_ext/1171490990/tasks.o
 .debug_frame   0x0000000000000f80       0x40 build/default/production/_ext/1171490990/exceptions.o
 .debug_frame   0x0000000000000fc0       0x70 build/default/production/_ext/1665200909/heap_1.o
 .debug_frame   0x0000000000001030       0xf0 build/default/production/_ext/951553248/port.o
 .debug_frame   0x0000000000001120      0x300 build/default/production/_ext/404212886/queue.o
 .debug_frame   0x0000000000001420       0x60 build/default/production/_ext/404212886/list.o
 .debug_frame   0x0000000000001480      0x5a0 build/default/production/_ext/404212886/FreeRTOS_tasks.o
 .debug_frame   0x0000000000001a20      0x134 build/default/production/_ext/404212886/event_groups.o
 .debug_frame   0x0000000000001b54      0x2cc build/default/production/_ext/404212886/stream_buffer.o
 .debug_frame   0x0000000000001e20       0xa8 build/default/production/_ext/1360937237/app.o
 .debug_frame   0x0000000000001ec8       0x28 build/default/production/_ext/1360937237/main.o
 .debug_frame   0x0000000000001ef0       0x20 build/default/production/_ext/1360937237/mouse.o
 .debug_frame   0x0000000000001f10       0x20 c:/program files/microchip/xc32/v4.60/bin/bin/../../lib/gcc/pic32mx/8.3.1/../../../../pic32mx/lib\libpic32.a(default-on-reset.o)
 .debug_frame   0x0000000000001f30       0x20 c:/program files/microchip/xc32/v4.60/bin/bin/../../lib/gcc/pic32mx/8.3.1/../../../../pic32mx/lib\libpic32.a(default-on-bootstrap.o)
 .debug_frame   0x0000000000001f50       0x20 c:/program files/microchip/xc32/v4.60/bin/bin/../../lib/gcc/pic32mx/8.3.1/../../../../pic32mx/lib\libpic32.a(defaultinterrupt.o)
 .debug_frame   0x0000000000001f70       0x20 c:/program files/microchip/xc32/v4.60/bin/bin/../../lib/gcc/pic32mx/8.3.1/../../../../pic32mx/lib\libc-size-musl.a(memcmp.o)
 .debug_frame   0x0000000000001f90       0x20 c:/program files/microchip/xc32/v4.60/bin/bin/../../lib/gcc/pic32mx/8.3.1/../../../../pic32mx/lib\libc-size-musl.a(memcpy.o)
 .debug_frame   0x0000000000001fb0       0x20 c:/program files/microchip/xc32/v4.60/bin/bin/../../lib/gcc/pic32mx/8.3.1/../../../../pic32mx/lib\libc-size-musl.a(memset.o)

.debug_str      0x0000000000000000    0x16709
 *.elf(.debug_str)
 *(.debug_str)
 .debug_str     0x0000000000000000     0x229c build/default/production/_ext/2128569739/drv_usbfs.o
 .debug_str     0x000000000000229c     0x2ef8 build/default/production/_ext/2128569739/drv_usbfs_device.o
 .debug_str     0x0000000000005194      0x6b7 build/default/production/_ext/1529399856/osal_freertos.o
 .debug_str     0x000000000000584b      0x2e5 build/default/production/_ext/60165520/plib_clk.o
 .debug_str     0x0000000000005b30      0x42d build/default/production/_ext/1865200349/plib_evic.o
 .debug_str     0x0000000000005f5d      0x3a0 build/default/production/_ext/1865254177/plib_gpio.o
 .debug_str     0x00000000000062fd      0x262 build/default/production/_ext/163028504/xc32_monitor.o
 .debug_str     0x000000000000655f      0x3c0 build/default/production/_ext/1881668453/sys_int.o
 .debug_str     0x000000000000691f     0x2c9f build/default/production/_ext/308758920/usb_device.o
 .debug_str     0x00000000000095be     0x1c79 build/default/production/_ext/308758920/usb_device_hid.o
 .debug_str     0x000000000000b237     0x1948 build/default/production/_ext/1171490990/usb_device_init_data.o
 .debug_str     0x000000000000cb7f      0x390 build/default/production/_ext/1171490990/freertos_hooks.o
 .debug_str     0x000000000000cf0f     0x1275 build/default/production/_ext/1171490990/initialization.o
 .debug_str     0x000000000000e184       0x63 build/default/production/_ext/1171490990/interrupts_a.o
 .debug_str     0x000000000000e1e7      0x2cc build/default/production/_ext/1171490990/interrupts.o
 .debug_str     0x000000000000e4b3      0xb5d build/default/production/_ext/1171490990/tasks.o
 .debug_str     0x000000000000f010      0xaae build/default/production/_ext/1171490990/exceptions.o
 .debug_str     0x000000000000fabe      0x3bc build/default/production/_ext/1665200909/heap_1.o
 .debug_str     0x000000000000fe7a      0x728 build/default/production/_ext/951553248/port.o
 .debug_str     0x00000000000105a2       0x88 build/default/production/_ext/951553248/port_asm.o
 .debug_str     0x000000000001062a      0xadc build/default/production/_ext/404212886/queue.o
 .debug_str     0x0000000000011106      0x3f1 build/default/production/_ext/404212886/list.o
 .debug_str     0x00000000000114f7     0x116d build/default/production/_ext/404212886/FreeRTOS_tasks.o
 .debug_str     0x0000000000012664      0x2b0 build/default/production/_ext/404212886/timers.o
 .debug_str     0x0000000000012914      0x729 build/default/production/_ext/404212886/event_groups.o
 .debug_str     0x000000000001303d      0x2b2 build/default/production/_ext/404212886/croutine.o
 .debug_str     0x00000000000132ef      0xa76 build/default/production/_ext/404212886/stream_buffer.o
 .debug_str     0x0000000000013d65     0x1233 build/default/production/_ext/1360937237/app.o
 .debug_str     0x0000000000014f98      0x2b1 build/default/production/_ext/1360937237/main.o
 .debug_str     0x0000000000015249      0x341 build/default/production/_ext/1360937237/mouse.o
 .debug_str     0x000000000001558a      0x331 c:/program files/microchip/xc32/v4.60/bin/bin/../../lib/gcc/pic32mx/8.3.1/../../../../pic32mx/lib\libpic32.a(default-on-reset.o)
 .debug_str     0x00000000000158bb      0x339 c:/program files/microchip/xc32/v4.60/bin/bin/../../lib/gcc/pic32mx/8.3.1/../../../../pic32mx/lib\libpic32.a(default-on-bootstrap.o)
 .debug_str     0x0000000000015bf4      0x34b c:/program files/microchip/xc32/v4.60/bin/bin/../../lib/gcc/pic32mx/8.3.1/../../../../pic32mx/lib\libpic32.a(defaultinterrupt.o)
 .debug_str     0x0000000000015f3f      0x28e c:/program files/microchip/xc32/v4.60/bin/bin/../../lib/gcc/pic32mx/8.3.1/../../../../pic32mx/lib\libc-size-musl.a(memcmp.o)
 .debug_str     0x00000000000161cd      0x2a8 c:/program files/microchip/xc32/v4.60/bin/bin/../../lib/gcc/pic32mx/8.3.1/../../../../pic32mx/lib\libc-size-musl.a(memcpy.o)
 .debug_str     0x0000000000016475      0x294 c:/program files/microchip/xc32/v4.60/bin/bin/../../lib/gcc/pic32mx/8.3.1/../../../../pic32mx/lib\libc-size-musl.a(memset.o)

.debug_loc      0x0000000000000000     0xf2b4
 *.elf(.debug_loc)
 *(.debug_loc)
 .debug_loc     0x0000000000000000      0x674 build/default/production/_ext/2128569739/drv_usbfs.o
 .debug_loc     0x0000000000000674     0x4068 build/default/production/_ext/2128569739/drv_usbfs_device.o
 .debug_loc     0x00000000000046dc      0x573 build/default/production/_ext/1529399856/osal_freertos.o
 .debug_loc     0x0000000000004c4f      0x1af build/default/production/_ext/1865200349/plib_evic.o
 .debug_loc     0x0000000000004dfe      0x172 build/default/production/_ext/1865254177/plib_gpio.o
 .debug_loc     0x0000000000004f70      0x102 build/default/production/_ext/1881668453/sys_int.o
 .debug_loc     0x0000000000005072     0x26cd build/default/production/_ext/308758920/usb_device.o
 .debug_loc     0x000000000000773f     0x1250 build/default/production/_ext/308758920/usb_device_hid.o
 .debug_loc     0x000000000000898f       0xb6 build/default/production/_ext/1171490990/freertos_hooks.o
 .debug_loc     0x0000000000008a45       0x25 build/default/production/_ext/1171490990/initialization.o
 .debug_loc     0x0000000000008a6a       0x4a build/default/production/_ext/1171490990/tasks.o
 .debug_loc     0x0000000000008ab4       0xb8 build/default/production/_ext/1665200909/heap_1.o
 .debug_loc     0x0000000000008b6c      0x13e build/default/production/_ext/951553248/port.o
 .debug_loc     0x0000000000008caa     0x1674 build/default/production/_ext/404212886/queue.o
 .debug_loc     0x000000000000a31e       0x61 build/default/production/_ext/404212886/list.o
 .debug_loc     0x000000000000a37f     0x2749 build/default/production/_ext/404212886/FreeRTOS_tasks.o
 .debug_loc     0x000000000000cac8      0xb19 build/default/production/_ext/404212886/event_groups.o
 .debug_loc     0x000000000000d5e1     0x15eb build/default/production/_ext/404212886/stream_buffer.o
 .debug_loc     0x000000000000ebcc      0x436 build/default/production/_ext/1360937237/app.o
 .debug_loc     0x000000000000f002       0x32 build/default/production/_ext/1360937237/mouse.o
 .debug_loc     0x000000000000f034       0xf4 c:/program files/microchip/xc32/v4.60/bin/bin/../../lib/gcc/pic32mx/8.3.1/../../../../pic32mx/lib\libc-size-musl.a(memcmp.o)
 .debug_loc     0x000000000000f128       0xd6 c:/program files/microchip/xc32/v4.60/bin/bin/../../lib/gcc/pic32mx/8.3.1/../../../../pic32mx/lib\libc-size-musl.a(memcpy.o)
 .debug_loc     0x000000000000f1fe       0xb6 c:/program files/microchip/xc32/v4.60/bin/bin/../../lib/gcc/pic32mx/8.3.1/../../../../pic32mx/lib\libc-size-musl.a(memset.o)

.debug_macinfo
 *.elf(.debug_macinfo)
 *(.debug_macinfo)

.debug_weaknames
 *.elf(.debug_weaknames)
 *(.debug_weaknames)

.debug_funcnames
 *.elf(.debug_funcnames)
 *(.debug_funcnames)

.debug_typenames
 *.elf(.debug_typenames)
 *(.debug_typenames)

.debug_varnames
 *.elf(.debug_varnames)
 *(.debug_varnames)

.debug_pubtypes
 *.elf(.debug_pubtypes)
 *(.debug_pubtypes)

.debug_ranges   0x0000000000000000     0x1480
 *.elf(.debug_ranges)
 *(.debug_ranges)
 .debug_ranges  0x0000000000000000      0x110 build/default/production/_ext/2128569739/drv_usbfs.o
 .debug_ranges  0x0000000000000110      0x800 build/default/production/_ext/2128569739/drv_usbfs_device.o
 .debug_ranges  0x0000000000000910       0x80 build/default/production/_ext/1529399856/osal_freertos.o
 .debug_ranges  0x0000000000000990       0x10 build/default/production/_ext/60165520/plib_clk.o
 .debug_ranges  0x00000000000009a0       0x68 build/default/production/_ext/1865200349/plib_evic.o
 .debug_ranges  0x0000000000000a08       0x50 build/default/production/_ext/1865254177/plib_gpio.o
 .debug_ranges  0x0000000000000a58       0x18 build/default/production/_ext/163028504/xc32_monitor.o
 .debug_ranges  0x0000000000000a70       0x30 build/default/production/_ext/1881668453/sys_int.o
 .debug_ranges  0x0000000000000aa0      0x190 build/default/production/_ext/308758920/usb_device.o
 .debug_ranges  0x0000000000000c30       0x58 build/default/production/_ext/308758920/usb_device_hid.o
 .debug_ranges  0x0000000000000c88       0x30 build/default/production/_ext/1171490990/freertos_hooks.o
 .debug_ranges  0x0000000000000cb8       0x10 build/default/production/_ext/1171490990/initialization.o
 .debug_ranges  0x0000000000000cc8       0x20 build/default/production/_ext/1171490990/interrupts_a.o
 .debug_ranges  0x0000000000000ce8       0x10 build/default/production/_ext/1171490990/interrupts.o
 .debug_ranges  0x0000000000000cf8       0x20 build/default/production/_ext/1171490990/tasks.o
 .debug_ranges  0x0000000000000d18       0x18 build/default/production/_ext/1171490990/exceptions.o
 .debug_ranges  0x0000000000000d30       0x30 build/default/production/_ext/1665200909/heap_1.o
 .debug_ranges  0x0000000000000d60       0x48 build/default/production/_ext/951553248/port.o
 .debug_ranges  0x0000000000000da8      0x1d0 build/default/production/_ext/404212886/queue.o
 .debug_ranges  0x0000000000000f78       0x30 build/default/production/_ext/404212886/list.o
 .debug_ranges  0x0000000000000fa8      0x2e0 build/default/production/_ext/404212886/FreeRTOS_tasks.o
 .debug_ranges  0x0000000000001288       0x68 build/default/production/_ext/404212886/event_groups.o
 .debug_ranges  0x00000000000012f0       0xe0 build/default/production/_ext/404212886/stream_buffer.o
 .debug_ranges  0x00000000000013d0       0x30 build/default/production/_ext/1360937237/app.o
 .debug_ranges  0x0000000000001400       0x10 build/default/production/_ext/1360937237/main.o
 .debug_ranges  0x0000000000001410       0x10 build/default/production/_ext/1360937237/mouse.o
 .debug_ranges  0x0000000000001420       0x10 c:/program files/microchip/xc32/v4.60/bin/bin/../../lib/gcc/pic32mx/8.3.1/../../../../pic32mx/lib\libpic32.a(default-on-reset.o)
 .debug_ranges  0x0000000000001430       0x10 c:/program files/microchip/xc32/v4.60/bin/bin/../../lib/gcc/pic32mx/8.3.1/../../../../pic32mx/lib\libpic32.a(default-on-bootstrap.o)
 .debug_ranges  0x0000000000001440       0x10 c:/program files/microchip/xc32/v4.60/bin/bin/../../lib/gcc/pic32mx/8.3.1/../../../../pic32mx/lib\libpic32.a(defaultinterrupt.o)
 .debug_ranges  0x0000000000001450       0x10 c:/program files/microchip/xc32/v4.60/bin/bin/../../lib/gcc/pic32mx/8.3.1/../../../../pic32mx/lib\libc-size-musl.a(memcmp.o)
 .debug_ranges  0x0000000000001460       0x10 c:/program files/microchip/xc32/v4.60/bin/bin/../../lib/gcc/pic32mx/8.3.1/../../../../pic32mx/lib\libc-size-musl.a(memcpy.o)
 .debug_ranges  0x0000000000001470       0x10 c:/program files/microchip/xc32/v4.60/bin/bin/../../lib/gcc/pic32mx/8.3.1/../../../../pic32mx/lib\libc-size-musl.a(memset.o)

.gnu.attributes
                0x0000000000000000       0x10
 *(.gnu.attributes)
 .gnu.attributes
                0x0000000000000000       0x10 c:/program files/microchip/xc32/v4.60/bin/bin/../../lib/gcc/pic32mx/8.3.1/../../../../pic32mx/lib\debug-exception-return.o
 .gnu.attributes
                0x0000000000000010       0x10 build/default/production/_ext/2128569739/drv_usbfs.o
 .gnu.attributes
                0x0000000000000020       0x10 build/default/production/_ext/2128569739/drv_usbfs_device.o
 .gnu.attributes
                0x0000000000000030       0x10 build/default/production/_ext/1529399856/osal_freertos.o
 .gnu.attributes
                0x0000000000000040       0x10 build/default/production/_ext/60165520/plib_clk.o
 .gnu.attributes
                0x0000000000000050       0x10 build/default/production/_ext/1865200349/plib_evic.o
 .gnu.attributes
                0x0000000000000060       0x10 build/default/production/_ext/1865254177/plib_gpio.o
 .gnu.attributes
                0x0000000000000070       0x10 build/default/production/_ext/163028504/xc32_monitor.o
 .gnu.attributes
                0x0000000000000080       0x10 build/default/production/_ext/1881668453/sys_int.o
 .gnu.attributes
                0x0000000000000090       0x10 build/default/production/_ext/308758920/usb_device.o
 .gnu.attributes
                0x00000000000000a0       0x10 build/default/production/_ext/308758920/usb_device_hid.o
 .gnu.attributes
                0x00000000000000b0       0x10 build/default/production/_ext/1171490990/usb_device_init_data.o
 .gnu.attributes
                0x00000000000000c0       0x10 build/default/production/_ext/1171490990/freertos_hooks.o
 .gnu.attributes
                0x00000000000000d0       0x10 build/default/production/_ext/1171490990/initialization.o
 .gnu.attributes
                0x00000000000000e0       0x10 build/default/production/_ext/1171490990/interrupts_a.o
 .gnu.attributes
                0x00000000000000f0       0x10 build/default/production/_ext/1171490990/interrupts.o
 .gnu.attributes
                0x0000000000000100       0x10 build/default/production/_ext/1171490990/tasks.o
 .gnu.attributes
                0x0000000000000110       0x10 build/default/production/_ext/1171490990/exceptions.o
 .gnu.attributes
                0x0000000000000120       0x10 build/default/production/_ext/1665200909/heap_1.o
 .gnu.attributes
                0x0000000000000130       0x10 build/default/production/_ext/951553248/port.o
 .gnu.attributes
                0x0000000000000140       0x10 build/default/production/_ext/951553248/port_asm.o
 .gnu.attributes
                0x0000000000000150       0x10 build/default/production/_ext/404212886/queue.o
 .gnu.attributes
                0x0000000000000160       0x10 build/default/production/_ext/404212886/list.o
 .gnu.attributes
                0x0000000000000170       0x10 build/default/production/_ext/404212886/FreeRTOS_tasks.o
 .gnu.attributes
                0x0000000000000180       0x10 build/default/production/_ext/404212886/timers.o
 .gnu.attributes
                0x0000000000000190       0x10 build/default/production/_ext/404212886/event_groups.o
 .gnu.attributes
                0x00000000000001a0       0x10 build/default/production/_ext/404212886/croutine.o
 .gnu.attributes
                0x00000000000001b0       0x10 build/default/production/_ext/404212886/stream_buffer.o
 .gnu.attributes
                0x00000000000001c0       0x10 build/default/production/_ext/1360937237/app.o
 .gnu.attributes
                0x00000000000001d0       0x10 build/default/production/_ext/1360937237/main.o
 .gnu.attributes
                0x00000000000001e0       0x10 build/default/production/_ext/1360937237/mouse.o
 .gnu.attributes
                0x00000000000001f0       0x10 C:\Users\aryll\AppData\Local\Temp\ccKXWNGz.o
 .gnu.attributes
                0x0000000000000200       0x10 C:\Users\aryll\AppData\Local\Temp\ccvbz1Nu.o
 .gnu.attributes
                0x0000000000000210       0x10 C:\Users\aryll\AppData\Local\Temp\cci6AvUz.o
 .gnu.attributes
                0x0000000000000220       0x10 c:/program files/microchip/xc32/v4.60/bin/bin/../../lib/gcc/pic32mx/8.3.1/../../../../pic32mx/lib\pic32_software_reset.o
 .gnu.attributes
                0x0000000000000230       0x10 c:/program files/microchip/xc32/v4.60/bin/bin/../../lib/gcc/pic32mx/8.3.1/../../../../pic32mx/lib\libpic32.a(default-on-reset.o)
 .gnu.attributes
                0x0000000000000240       0x10 c:/program files/microchip/xc32/v4.60/bin/bin/../../lib/gcc/pic32mx/8.3.1/../../../../pic32mx/lib\libpic32.a(default-on-bootstrap.o)
 .gnu.attributes
                0x0000000000000250       0x10 c:/program files/microchip/xc32/v4.60/bin/bin/../../lib/gcc/pic32mx/8.3.1/../../../../pic32mx/lib\libpic32.a(default-nmi-handler.o)
 .gnu.attributes
                0x0000000000000260       0x10 c:/program files/microchip/xc32/v4.60/bin/bin/../../lib/gcc/pic32mx/8.3.1/../../../../pic32mx/lib\libpic32.a(pic32_data_init_core.o)
 .gnu.attributes
                0x0000000000000270       0x10 c:/program files/microchip/xc32/v4.60/bin/bin/../../lib/gcc/pic32mx/8.3.1/../../../../pic32mx/lib\libpic32.a(general-exception.o)
 .gnu.attributes
                0x0000000000000280       0x10 c:/program files/microchip/xc32/v4.60/bin/bin/../../lib/gcc/pic32mx/8.3.1/../../../../pic32mx/lib\libpic32.a(vector0.o)
 .gnu.attributes
                0x0000000000000290       0x10 c:/program files/microchip/xc32/v4.60/bin/bin/../../lib/gcc/pic32mx/8.3.1/../../../../pic32mx/lib\libpic32.a(vector2.o)
 .gnu.attributes
                0x00000000000002a0       0x10 c:/program files/microchip/xc32/v4.60/bin/bin/../../lib/gcc/pic32mx/8.3.1/../../../../pic32mx/lib\libpic32.a(vector3.o)
 .gnu.attributes
                0x00000000000002b0       0x10 c:/program files/microchip/xc32/v4.60/bin/bin/../../lib/gcc/pic32mx/8.3.1/../../../../pic32mx/lib\libpic32.a(vector5.o)
 .gnu.attributes
                0x00000000000002c0       0x10 c:/program files/microchip/xc32/v4.60/bin/bin/../../lib/gcc/pic32mx/8.3.1/../../../../pic32mx/lib\libpic32.a(vector6.o)
 .gnu.attributes
                0x00000000000002d0       0x10 c:/program files/microchip/xc32/v4.60/bin/bin/../../lib/gcc/pic32mx/8.3.1/../../../../pic32mx/lib\libpic32.a(vector7.o)
 .gnu.attributes
                0x00000000000002e0       0x10 c:/program files/microchip/xc32/v4.60/bin/bin/../../lib/gcc/pic32mx/8.3.1/../../../../pic32mx/lib\libpic32.a(vector8.o)
 .gnu.attributes
                0x00000000000002f0       0x10 c:/program files/microchip/xc32/v4.60/bin/bin/../../lib/gcc/pic32mx/8.3.1/../../../../pic32mx/lib\libpic32.a(vector9.o)
 .gnu.attributes
                0x0000000000000300       0x10 c:/program files/microchip/xc32/v4.60/bin/bin/../../lib/gcc/pic32mx/8.3.1/../../../../pic32mx/lib\libpic32.a(vector10.o)
 .gnu.attributes
                0x0000000000000310       0x10 c:/program files/microchip/xc32/v4.60/bin/bin/../../lib/gcc/pic32mx/8.3.1/../../../../pic32mx/lib\libpic32.a(vector11.o)
 .gnu.attributes
                0x0000000000000320       0x10 c:/program files/microchip/xc32/v4.60/bin/bin/../../lib/gcc/pic32mx/8.3.1/../../../../pic32mx/lib\libpic32.a(vector12.o)
 .gnu.attributes
                0x0000000000000330       0x10 c:/program files/microchip/xc32/v4.60/bin/bin/../../lib/gcc/pic32mx/8.3.1/../../../../pic32mx/lib\libpic32.a(vector13.o)
 .gnu.attributes
                0x0000000000000340       0x10 c:/program files/microchip/xc32/v4.60/bin/bin/../../lib/gcc/pic32mx/8.3.1/../../../../pic32mx/lib\libpic32.a(vector14.o)
 .gnu.attributes
                0x0000000000000350       0x10 c:/program files/microchip/xc32/v4.60/bin/bin/../../lib/gcc/pic32mx/8.3.1/../../../../pic32mx/lib\libpic32.a(vector15.o)
 .gnu.attributes
                0x0000000000000360       0x10 c:/program files/microchip/xc32/v4.60/bin/bin/../../lib/gcc/pic32mx/8.3.1/../../../../pic32mx/lib\libpic32.a(vector16.o)
 .gnu.attributes
                0x0000000000000370       0x10 c:/program files/microchip/xc32/v4.60/bin/bin/../../lib/gcc/pic32mx/8.3.1/../../../../pic32mx/lib\libpic32.a(vector17.o)
 .gnu.attributes
                0x0000000000000380       0x10 c:/program files/microchip/xc32/v4.60/bin/bin/../../lib/gcc/pic32mx/8.3.1/../../../../pic32mx/lib\libpic32.a(vector18.o)
 .gnu.attributes
                0x0000000000000390       0x10 c:/program files/microchip/xc32/v4.60/bin/bin/../../lib/gcc/pic32mx/8.3.1/../../../../pic32mx/lib\libpic32.a(vector19.o)
 .gnu.attributes
                0x00000000000003a0       0x10 c:/program files/microchip/xc32/v4.60/bin/bin/../../lib/gcc/pic32mx/8.3.1/../../../../pic32mx/lib\libpic32.a(vector20.o)
 .gnu.attributes
                0x00000000000003b0       0x10 c:/program files/microchip/xc32/v4.60/bin/bin/../../lib/gcc/pic32mx/8.3.1/../../../../pic32mx/lib\libpic32.a(vector21.o)
 .gnu.attributes
                0x00000000000003c0       0x10 c:/program files/microchip/xc32/v4.60/bin/bin/../../lib/gcc/pic32mx/8.3.1/../../../../pic32mx/lib\libpic32.a(vector22.o)
 .gnu.attributes
                0x00000000000003d0       0x10 c:/program files/microchip/xc32/v4.60/bin/bin/../../lib/gcc/pic32mx/8.3.1/../../../../pic32mx/lib\libpic32.a(vector23.o)
 .gnu.attributes
                0x00000000000003e0       0x10 c:/program files/microchip/xc32/v4.60/bin/bin/../../lib/gcc/pic32mx/8.3.1/../../../../pic32mx/lib\libpic32.a(vector24.o)
 .gnu.attributes
                0x00000000000003f0       0x10 c:/program files/microchip/xc32/v4.60/bin/bin/../../lib/gcc/pic32mx/8.3.1/../../../../pic32mx/lib\libpic32.a(vector25.o)
 .gnu.attributes
                0x0000000000000400       0x10 c:/program files/microchip/xc32/v4.60/bin/bin/../../lib/gcc/pic32mx/8.3.1/../../../../pic32mx/lib\libpic32.a(vector26.o)
 .gnu.attributes
                0x0000000000000410       0x10 c:/program files/microchip/xc32/v4.60/bin/bin/../../lib/gcc/pic32mx/8.3.1/../../../../pic32mx/lib\libpic32.a(vector27.o)
 .gnu.attributes
                0x0000000000000420       0x10 c:/program files/microchip/xc32/v4.60/bin/bin/../../lib/gcc/pic32mx/8.3.1/../../../../pic32mx/lib\libpic32.a(vector28.o)
 .gnu.attributes
                0x0000000000000430       0x10 c:/program files/microchip/xc32/v4.60/bin/bin/../../lib/gcc/pic32mx/8.3.1/../../../../pic32mx/lib\libpic32.a(vector29.o)
 .gnu.attributes
                0x0000000000000440       0x10 c:/program files/microchip/xc32/v4.60/bin/bin/../../lib/gcc/pic32mx/8.3.1/../../../../pic32mx/lib\libpic32.a(vector31.o)
 .gnu.attributes
                0x0000000000000450       0x10 c:/program files/microchip/xc32/v4.60/bin/bin/../../lib/gcc/pic32mx/8.3.1/../../../../pic32mx/lib\libpic32.a(vector32.o)
 .gnu.attributes
                0x0000000000000460       0x10 c:/program files/microchip/xc32/v4.60/bin/bin/../../lib/gcc/pic32mx/8.3.1/../../../../pic32mx/lib\libpic32.a(vector33.o)
 .gnu.attributes
                0x0000000000000470       0x10 c:/program files/microchip/xc32/v4.60/bin/bin/../../lib/gcc/pic32mx/8.3.1/../../../../pic32mx/lib\libpic32.a(vector34.o)
 .gnu.attributes
                0x0000000000000480       0x10 c:/program files/microchip/xc32/v4.60/bin/bin/../../lib/gcc/pic32mx/8.3.1/../../../../pic32mx/lib\libpic32.a(vector35.o)
 .gnu.attributes
                0x0000000000000490       0x10 c:/program files/microchip/xc32/v4.60/bin/bin/../../lib/gcc/pic32mx/8.3.1/../../../../pic32mx/lib\libpic32.a(vector36.o)
 .gnu.attributes
                0x00000000000004a0       0x10 c:/program files/microchip/xc32/v4.60/bin/bin/../../lib/gcc/pic32mx/8.3.1/../../../../pic32mx/lib\libpic32.a(vector37.o)
 .gnu.attributes
                0x00000000000004b0       0x10 c:/program files/microchip/xc32/v4.60/bin/bin/../../lib/gcc/pic32mx/8.3.1/../../../../pic32mx/lib\libpic32.a(vector38.o)
 .gnu.attributes
                0x00000000000004c0       0x10 c:/program files/microchip/xc32/v4.60/bin/bin/../../lib/gcc/pic32mx/8.3.1/../../../../pic32mx/lib\libpic32.a(vector39.o)
 .gnu.attributes
                0x00000000000004d0       0x10 c:/program files/microchip/xc32/v4.60/bin/bin/../../lib/gcc/pic32mx/8.3.1/../../../../pic32mx/lib\libpic32.a(vector40.o)
 .gnu.attributes
                0x00000000000004e0       0x10 c:/program files/microchip/xc32/v4.60/bin/bin/../../lib/gcc/pic32mx/8.3.1/../../../../pic32mx/lib\libpic32.a(vector41.o)
 .gnu.attributes
                0x00000000000004f0       0x10 c:/program files/microchip/xc32/v4.60/bin/bin/../../lib/gcc/pic32mx/8.3.1/../../../../pic32mx/lib\libpic32.a(vector42.o)
 .gnu.attributes
                0x0000000000000500       0x10 c:/program files/microchip/xc32/v4.60/bin/bin/../../lib/gcc/pic32mx/8.3.1/../../../../pic32mx/lib\libpic32.a(vector43.o)
 .gnu.attributes
                0x0000000000000510       0x10 c:/program files/microchip/xc32/v4.60/bin/bin/../../lib/gcc/pic32mx/8.3.1/../../../../pic32mx/lib\libpic32.a(defaultinterrupt.o)
 .gnu.attributes
                0x0000000000000520       0x10 c:/program files/microchip/xc32/v4.60/bin/bin/../../lib/gcc/pic32mx/8.3.1/../../../../pic32mx/lib\libc-size-musl.a(memcmp.o)
 .gnu.attributes
                0x0000000000000530       0x10 c:/program files/microchip/xc32/v4.60/bin/bin/../../lib/gcc/pic32mx/8.3.1/../../../../pic32mx/lib\libc-size-musl.a(memcpy.o)
 .gnu.attributes
                0x0000000000000540       0x10 c:/program files/microchip/xc32/v4.60/bin/bin/../../lib/gcc/pic32mx/8.3.1/../../../../pic32mx/lib\libc-size-musl.a(memset.o)
 .gnu.attributes
                0x0000000000000550       0x10 c:/program files/microchip/xc32/v4.60/bin/bin/../../lib/gcc/pic32mx/8.3.1/../../../../pic32mx/lib\libpic32.a(pic32_data_init_clear.o)
 .gnu.attributes
                0x0000000000000560       0x10 c:/program files/microchip/xc32/v4.60/bin/bin/../../lib/gcc/pic32mx/8.3.1/../../../../pic32mx/lib\libpic32.a(pic32_data_init_copy.o)
                0x0000000000000200                _min_heap_size = 0x200
LOAD C:\Users\aryll\AppData\Local\Temp\ccKXWNGz.o
LOAD C:\Users\aryll\AppData\Local\Temp\ccvbz1Nu.o
LOAD C:\Users\aryll\AppData\Local\Temp\cci6AvUz.o
LOAD c:/program files/microchip/xc32/v4.60/bin/bin/../../lib/gcc/pic32mx/8.3.1/../../../../pic32mx/lib\pic32_software_reset.o
LOAD c:/program files/microchip/xc32/v4.60/bin/bin/../../lib/gcc/pic32mx/8.3.1\libgcc.a
START GROUP
LOAD c:/program files/microchip/xc32/v4.60/bin/bin/../../lib/gcc/pic32mx/8.3.1/../../../../pic32mx/lib\libpic32.a
LOAD c:/program files/microchip/xc32/v4.60/bin/bin/../../lib/gcc/pic32mx/8.3.1/../../../../pic32mx/lib\libc-size-musl.a
LOAD c:/program files/microchip/xc32/v4.60/bin/bin/../../lib/gcc/pic32mx/8.3.1/../../../../pic32mx/lib\liblmalloc-musl.a